Archive member included because of file (symbol)

D:\NUS\Year 2 AY2016-2017\EE2024\Lib_CMSISv1p30_LPC17xx\Debug\libCMSISv1p30_LPC17xx.a(system_LPC17xx.o)
                              ./src/main.o (SystemCoreClock)
D:\NUS\Year 2 AY2016-2017\EE2024\Lib_EaBaseBoard\Debug\libLib_EaBaseBoard.a(acc.o)
                              ./src/main.o (acc_init)
D:\NUS\Year 2 AY2016-2017\EE2024\Lib_EaBaseBoard\Debug\libLib_EaBaseBoard.a(joystick.o)
                              ./src/main.o (joystick_init)
D:\NUS\Year 2 AY2016-2017\EE2024\Lib_EaBaseBoard\Debug\libLib_EaBaseBoard.a(led7seg.o)
                              ./src/main.o (led7seg_init)
D:\NUS\Year 2 AY2016-2017\EE2024\Lib_EaBaseBoard\Debug\libLib_EaBaseBoard.a(light.o)
                              ./src/main.o (light_init)
D:\NUS\Year 2 AY2016-2017\EE2024\Lib_EaBaseBoard\Debug\libLib_EaBaseBoard.a(oled.o)
                              ./src/main.o (oled_init)
D:\NUS\Year 2 AY2016-2017\EE2024\Lib_EaBaseBoard\Debug\libLib_EaBaseBoard.a(pca9532.o)
                              ./src/main.o (pca9532_init)
D:\NUS\Year 2 AY2016-2017\EE2024\Lib_EaBaseBoard\Debug\libLib_EaBaseBoard.a(rgb.o)
                              ./src/main.o (rgb_init)
D:\NUS\Year 2 AY2016-2017\EE2024\Lib_EaBaseBoard\Debug\libLib_EaBaseBoard.a(temp.o)
                              ./src/main.o (temp_init)
D:\NUS\Year 2 AY2016-2017\EE2024\Lib_EaBaseBoard\Debug\libLib_EaBaseBoard.a(font5x7.o)
                              D:\NUS\Year 2 AY2016-2017\EE2024\Lib_EaBaseBoard\Debug\libLib_EaBaseBoard.a(oled.o) (font5x7)
D:\NUS\Year 2 AY2016-2017\EE2024\Lib_MCU\Debug\libLib_MCU.a(lpc17xx_gpio.o)
                              ./src/main.o (GPIO_SetDir)
D:\NUS\Year 2 AY2016-2017\EE2024\Lib_MCU\Debug\libLib_MCU.a(lpc17xx_i2c.o)
                              ./src/main.o (I2C_Init)
D:\NUS\Year 2 AY2016-2017\EE2024\Lib_MCU\Debug\libLib_MCU.a(lpc17xx_pinsel.o)
                              ./src/main.o (PINSEL_ConfigPin)
D:\NUS\Year 2 AY2016-2017\EE2024\Lib_MCU\Debug\libLib_MCU.a(lpc17xx_ssp.o)
                              ./src/main.o (SSP_Init)
D:\NUS\Year 2 AY2016-2017\EE2024\Lib_MCU\Debug\libLib_MCU.a(lpc17xx_timer.o)
                              ./src/main.o (Timer0_Wait)
D:\NUS\Year 2 AY2016-2017\EE2024\Lib_MCU\Debug\libLib_MCU.a(lpc17xx_uart.o)
                              ./src/main.o (UART_TxCmd)
D:\NUS\Year 2 AY2016-2017\EE2024\Lib_MCU\Debug\libLib_MCU.a(lpc17xx_clkpwr.o)
                              D:\NUS\Year 2 AY2016-2017\EE2024\Lib_MCU\Debug\libLib_MCU.a(lpc17xx_i2c.o) (CLKPWR_SetPCLKDiv)
c:/nxp/lpcxpresso_6.1.4_194/lpcxpresso/tools/bin/../lib/gcc/arm-none-eabi/4.6.2/armv7-m\libgcc.a(_aeabi_uldivmod.o)
                              D:\NUS\Year 2 AY2016-2017\EE2024\Lib_CMSISv1p30_LPC17xx\Debug\libCMSISv1p30_LPC17xx.a(system_LPC17xx.o) (__aeabi_uldivmod)
c:/nxp/lpcxpresso_6.1.4_194/lpcxpresso/tools/bin/../lib/gcc/arm-none-eabi/4.6.2/armv7-m\libgcc.a(bpabi.o)
                              c:/nxp/lpcxpresso_6.1.4_194/lpcxpresso/tools/bin/../lib/gcc/arm-none-eabi/4.6.2/armv7-m\libgcc.a(_aeabi_uldivmod.o) (__gnu_uldivmod_helper)
c:/nxp/lpcxpresso_6.1.4_194/lpcxpresso/tools/bin/../lib/gcc/arm-none-eabi/4.6.2/armv7-m\libgcc.a(_dvmd_tls.o)
                              c:/nxp/lpcxpresso_6.1.4_194/lpcxpresso/tools/bin/../lib/gcc/arm-none-eabi/4.6.2/armv7-m\libgcc.a(_aeabi_uldivmod.o) (__aeabi_ldiv0)
c:/nxp/lpcxpresso_6.1.4_194/lpcxpresso/tools/bin/../lib/gcc/arm-none-eabi/4.6.2/armv7-m\libgcc.a(_divdi3.o)
                              c:/nxp/lpcxpresso_6.1.4_194/lpcxpresso/tools/bin/../lib/gcc/arm-none-eabi/4.6.2/armv7-m\libgcc.a(bpabi.o) (__divdi3)
c:/nxp/lpcxpresso_6.1.4_194/lpcxpresso/tools/bin/../lib/gcc/arm-none-eabi/4.6.2/armv7-m\libgcc.a(_udivdi3.o)
                              c:/nxp/lpcxpresso_6.1.4_194/lpcxpresso/tools/bin/../lib/gcc/arm-none-eabi/4.6.2/armv7-m\libgcc.a(bpabi.o) (__udivdi3)
c:/nxp/lpcxpresso_6.1.4_194/lpcxpresso/tools/bin/../lib/gcc/arm-none-eabi/4.6.2/../../../../arm-none-eabi/lib/armv7-m\libc.a(lib_a-abs.o)
                              ./src/main.o (abs)
c:/nxp/lpcxpresso_6.1.4_194/lpcxpresso/tools/bin/../lib/gcc/arm-none-eabi/4.6.2/../../../../arm-none-eabi/lib/armv7-m\libc.a(lib_a-memset.o)
                              D:\NUS\Year 2 AY2016-2017\EE2024\Lib_EaBaseBoard\Debug\libLib_EaBaseBoard.a(oled.o) (memset)
c:/nxp/lpcxpresso_6.1.4_194/lpcxpresso/tools/bin/../lib/gcc/arm-none-eabi/4.6.2/../../../../arm-none-eabi/lib/armv7-m\libc.a(lib_a-sprintf.o)
                              ./src/main.o (sprintf)
c:/nxp/lpcxpresso_6.1.4_194/lpcxpresso/tools/bin/../lib/gcc/arm-none-eabi/4.6.2/../../../../arm-none-eabi/lib/armv7-m\libc.a(lib_a-strlen.o)
                              ./src/main.o (strlen)
c:/nxp/lpcxpresso_6.1.4_194/lpcxpresso/tools/bin/../lib/gcc/arm-none-eabi/4.6.2/../../../../arm-none-eabi/lib/armv7-m\libc.a(lib_a-svfprintf.o)
[...]
Memory Configuration

Name             Origin             Length             Attributes
MFlash512        0x00000000         0x00080000         xr
RamLoc32         0x10000000         0x00008000         xrw
RamAHB32         0x2007c000         0x00008000         xrw
*default*        0x00000000         0xffffffff

Linker script and memory map

LOAD ./src/cr_startup_lpc17.o
LOAD ./src/main.o
LOAD D:\NUS\Year 2 AY2016-2017\EE2024\Lib_CMSISv1p30_LPC17xx\Debug\libCMSISv1p30_LPC17xx.a
LOAD D:\NUS\Year 2 AY2016-2017\EE2024\Lib_EaBaseBoard\Debug\libLib_EaBaseBoard.a
LOAD D:\NUS\Year 2 AY2016-2017\EE2024\Lib_MCU\Debug\libLib_MCU.a
START GROUP
LOAD c:/nxp/lpcxpresso_6.1.4_194/lpcxpresso/tools/bin/../lib/gcc/arm-none-eabi/4.6.2/armv7-m\libgcc.a
LOAD c:/nxp/lpcxpresso_6.1.4_194/lpcxpresso/tools/bin/../lib/gcc/arm-none-eabi/4.6.2/../../../../arm-none-eabi/lib/armv7-m\libc.a
LOAD c:/nxp/lpcxpresso_6.1.4_194/lpcxpresso/tools/bin/../lib/gcc/arm-none-eabi/4.6.2/../../../../arm-none-eabi/lib/armv7-m\libm.a
LOAD c:/nxp/lpcxpresso_6.1.4_194/lpcxpresso/tools/bin/../lib/gcc/arm-none-eabi/4.6.2/../../../../arm-none-eabi/lib/armv7-m\libcr_newlib_semihost.a
END GROUP
                0x00080000                __top_MFlash512 = 0x80000
                0x10008000                __top_RamLoc32 = 0x10008000
                0x20084000                __top_RamAHB32 = 0x20084000

.text           0x00000000     0x9a54
 FILL mask 0xff
                0x00000000                __vectors_start__ = ABSOLUTE (.)
 *(.isr_vector)
 .isr_vector    0x00000000       0xcc ./src/cr_startup_lpc17.o
                0x00000000                g_pfnVectors
                0x000000cc                . = ALIGN (0x4)
                0x000000cc                __section_table_start = .
                0x000000cc                __data_section_table = .
                0x000000cc        0x4 LONG 0x9a5c LOADADDR (.data)
                0x000000d0        0x4 LONG 0x10000000 ADDR (.data)
                0x000000d4        0x4 LONG 0x914 SIZEOF (.data)
                0x000000d8        0x4 LONG 0x9a5c LOADADDR (.data_RAM2)
                0x000000dc        0x4 LONG 0x2007c000 ADDR (.data_RAM2)
                0x000000e0        0x4 LONG 0x0 SIZEOF (.data_RAM2)
                0x000000e4                __data_section_table_end = .
                0x000000e4                __bss_section_table = .
                0x000000e4        0x4 LONG 0x10000914 ADDR (.bss)
                0x000000e8        0x4 LONG 0x38c SIZEOF (.bss)
                0x000000ec        0x4 LONG 0x2007c000 ADDR (.bss_RAM2)
                0x000000f0        0x4 LONG 0x0 SIZEOF (.bss_RAM2)
                0x000000f4                __bss_section_table_end = .
                0x000000f4                __section_table_end = .
 *(.after_vectors*)
 *(.text*)
 .text.ResetISR
                0x000000f4       0x68 ./src/cr_startup_lpc17.o
                0x000000f4                ResetISR
 .text.NMI_Handler
                0x0000015c        0x8 ./src/cr_startup_lpc17.o
                0x0000015c                NMI_Handler
 .text.HardFault_Handler
                0x00000164        0x8 ./src/cr_startup_lpc17.o
                0x00000164                HardFault_Handler
 .text.MemManage_Handler
                0x0000016c        0x8 ./src/cr_startup_lpc17.o
                0x0000016c                MemManage_Handler
 .text.BusFault_Handler
                0x00000174        0x8 ./src/cr_startup_lpc17.o
                0x00000174                BusFault_Handler
 .text.UsageFault_Handler
                0x0000017c        0x8 ./src/cr_startup_lpc17.o
                0x0000017c                UsageFault_Handler
 .text.SVCall_Handler
                0x00000184        0x8 ./src/cr_startup_lpc17.o
                0x00000184                SVCall_Handler
 .text.DebugMon_Handler
                0x0000018c        0x8 ./src/cr_startup_lpc17.o
                0x0000018c                DebugMon_Handler
 .text.PendSV_Handler
                0x00000194        0x8 ./src/cr_startup_lpc17.o
                0x00000194                PendSV_Handler
 .text.IntDefaultHandler
                0x0000019c        0x8 ./src/cr_startup_lpc17.o
                0x0000019c                TIMER2_IRQHandler
                0x0000019c                RIT_IRQHandler
                0x0000019c                I2C0_IRQHandler
                0x0000019c                USBActivity_IRQHandler
                0x0000019c                PWM1_IRQHandler
                0x0000019c                I2C1_IRQHandler
                0x0000019c                EINT2_IRQHandler
                0x0000019c                UART1_IRQHandler
                0x0000019c                EINT3_IRQHandler
                0x0000019c                CANActivity_IRQHandler
                0x0000019c                TIMER3_IRQHandler
                0x0000019c                UART0_IRQHandler
                0x0000019c                IntDefaultHandler
                0x0000019c                PLL0_IRQHandler
                0x0000019c                CAN_IRQHandler
                0x0000019c                PLL1_IRQHandler
                0x0000019c                SSP0_IRQHandler
                0x0000019c                I2S_IRQHandler
                0x0000019c                I2C2_IRQHandler
                0x0000019c                RTC_IRQHandler
                0x0000019c                TIMER0_IRQHandler
                0x0000019c                SPI_IRQHandler
                0x0000019c                EINT1_IRQHandler
                0x0000019c                TIMER1_IRQHandler
                0x0000019c                UART2_IRQHandler
                0x0000019c                ADC_IRQHandler
                0x0000019c                SSP1_IRQHandler
                0x0000019c                USB_IRQHandler
                0x0000019c                BOD_IRQHandler
                0x0000019c                WDT_IRQHandler
                0x0000019c                QEI_IRQHandler
                0x0000019c                EINT0_IRQHandler
                0x0000019c                DMA_IRQHandler
                0x0000019c                UART3_IRQHandler
                0x0000019c                MCPWM_IRQHandler
                0x0000019c                ENET_IRQHandler
 .text.NVIC_SetPriority
                0x000001a4       0x5c ./src/main.o
 .text.SysTick_Config
                0x00000200       0x64 ./src/main.o
 .text.SysTick_Handler
                0x00000264       0x24 ./src/main.o
                0x00000264                SysTick_Handler
 .text.getTicks
                0x00000288       0x18 ./src/main.o
                0x00000288                getTicks
 .text.systick_delay
                0x000002a0       0x34 ./src/main.o
                0x000002a0                systick_delay
 .text.moveBar  0x000002d4       0xa8 ./src/main.o
 .text.init_ssp
                0x0000037c       0xbc ./src/main.o
 .text.init_i2c
                0x00000438       0x5c ./src/main.o
 .text.init_GPIO
                0x00000494        0xc ./src/main.o
 .text.pinsel_uart3
                0x000004a0       0x38 ./src/main.o
                0x000004a0                pinsel_uart3
 .text.init_uart
                0x000004d8       0x4c ./src/main.o
                0x000004d8                init_uart
 .text.main     0x00000524      0x8ec ./src/main.o
                0x00000524                main
 .text.check_failed
                0x00000e10        0xc ./src/main.o
                0x00000e10                check_failed
 .text.SystemInit
                0x00000e1c      0x22c D:\NUS\Year 2 AY2016-2017\EE2024\Lib_CMSISv1p30_LPC17xx\Debug\libCMSISv1p30_LPC17xx.a(system_LPC17xx.o)
                0x00000e1c                SystemInit
 .text.I2CRead  0x00001048       0x5c D:\NUS\Year 2 AY2016-2017\EE2024\Lib_EaBaseBoard\Debug\libLib_EaBaseBoard.a(acc.o)
 .text.I2CWrite
                0x000010a4       0x5c D:\NUS\Year 2 AY2016-2017\EE2024\Lib_EaBaseBoard\Debug\libLib_EaBaseBoard.a(acc.o)
 .text.getStatus
                0x00001100       0x3c D:\NUS\Year 2 AY2016-2017\EE2024\Lib_EaBaseBoard\Debug\libLib_EaBaseBoard.a(acc.o)
 .text.setModeControl
                0x0000113c       0x30 D:\NUS\Year 2 AY2016-2017\EE2024\Lib_EaBaseBoard\Debug\libLib_EaBaseBoard.a(acc.o)
 .text.acc_init
                0x0000116c       0x10 D:\NUS\Year 2 AY2016-2017\EE2024\Lib_EaBaseBoard\Debug\libLib_EaBaseBoard.a(acc.o)
                0x0000116c                acc_init
 .text.acc_read
                0x0000117c       0xbc D:\NUS\Year 2 AY2016-2017\EE2024\Lib_EaBaseBoard\Debug\libLib_EaBaseBoard.a(acc.o)
                0x0000117c                acc_read
 .text.joystick_init
                0x00001238       0x28 D:\NUS\Year 2 AY2016-2017\EE2024\Lib_EaBaseBoard\Debug\libLib_EaBaseBoard.a(joystick.o)
                0x00001238                joystick_init
 .text.led7seg_init
                0x00001260       0x24 D:\NUS\Year 2 AY2016-2017\EE2024\Lib_EaBaseBoard\Debug\libLib_EaBaseBoard.a(led7seg.o)
                0x00001260                led7seg_init
 .text.led7seg_setChar
                0x00001284       0x88 D:\NUS\Year 2 AY2016-2017\EE2024\Lib_EaBaseBoard\Debug\libLib_EaBaseBoard.a(led7seg.o)
                0x00001284                led7seg_setChar
 .text.I2CRead  0x0000130c       0x5c D:\NUS\Year 2 AY2016-2017\EE2024\Lib_EaBaseBoard\Debug\libLib_EaBaseBoard.a(light.o)
 .text.I2CWrite
                0x00001368       0x5c D:\NUS\Year 2 AY2016-2017\EE2024\Lib_EaBaseBoard\Debug\libLib_EaBaseBoard.a(light.o)
 .text.light_init
                0x000013c4        0xc D:\NUS\Year 2 AY2016-2017\EE2024\Lib_EaBaseBoard\Debug\libLib_EaBaseBoard.a(light.o)
                0x000013c4                light_init
 .text.light_enable
                0x000013d0       0x48 D:\NUS\Year 2 AY2016-2017\EE2024\Lib_EaBaseBoard\Debug\libLib_EaBaseBoard.a(light.o)
                0x000013d0                light_enable
 .text.light_read
                0x00001418       0x90 D:\NUS\Year 2 AY2016-2017\EE2024\Lib_EaBaseBoard\Debug\libLib_EaBaseBoard.a(light.o)
                0x00001418                light_read
 .text.writeCommand
                0x000014a8       0x60 D:\NUS\Year 2 AY2016-2017\EE2024\Lib_EaBaseBoard\Debug\libLib_EaBaseBoard.a(oled.o)
 .text.writeData
                0x00001508       0x60 D:\NUS\Year 2 AY2016-2017\EE2024\Lib_EaBaseBoard\Debug\libLib_EaBaseBoard.a(oled.o)
 .text.writeDataLen
                0x00001568       0x8c D:\NUS\Year 2 AY2016-2017\EE2024\Lib_EaBaseBoard\Debug\libLib_EaBaseBoard.a(oled.o)
 .text.runInitSequence
                0x000015f4      0x118 D:\NUS\Year 2 AY2016-2017\EE2024\Lib_EaBaseBoard\Debug\libLib_EaBaseBoard.a(oled.o)
 .text.oled_init
                0x0000170c       0x9c D:\NUS\Year 2 AY2016-2017\EE2024\Lib_EaBaseBoard\Debug\libLib_EaBaseBoard.a(oled.o)
                0x0000170c                oled_init
 .text.oled_putPixel
                0x000017a8      0x188 D:\NUS\Year 2 AY2016-2017\EE2024\Lib_EaBaseBoard\Debug\libLib_EaBaseBoard.a(oled.o)
                0x000017a8                oled_putPixel
 .text.oled_clearScreen
                0x00001930       0x74 D:\NUS\Year 2 AY2016-2017\EE2024\Lib_EaBaseBoard\Debug\libLib_EaBaseBoard.a(oled.o)
                0x00001930                oled_clearScreen
 .text.oled_putChar
                0x000019a4       0xf0 D:\NUS\Year 2 AY2016-2017\EE2024\Lib_EaBaseBoard\Debug\libLib_EaBaseBoard.a(oled.o)
                0x000019a4                oled_putChar
 .text.oled_putString
                0x00001a94       0x54 D:\NUS\Year 2 AY2016-2017\EE2024\Lib_EaBaseBoard\Debug\libLib_EaBaseBoard.a(oled.o)
                0x00001a94                oled_putString
 .text.I2CWrite
                0x00001ae8       0x5c D:\NUS\Year 2 AY2016-2017\EE2024\Lib_EaBaseBoard\Debug\libLib_EaBaseBoard.a(pca9532.o)
 .text.setLsStates
                0x00001b44       0xc4 D:\NUS\Year 2 AY2016-2017\EE2024\Lib_EaBaseBoard\Debug\libLib_EaBaseBoard.a(pca9532.o)
 .text.setLeds  0x00001c08       0xa0 D:\NUS\Year 2 AY2016-2017\EE2024\Lib_EaBaseBoard\Debug\libLib_EaBaseBoard.a(pca9532.o)
 .text.pca9532_init
                0x00001ca8        0xc D:\NUS\Year 2 AY2016-2017\EE2024\Lib_EaBaseBoard\Debug\libLib_EaBaseBoard.a(pca9532.o)
                0x00001ca8                pca9532_init
 .text.pca9532_setLeds
                0x00001cb4       0xa0 D:\NUS\Year 2 AY2016-2017\EE2024\Lib_EaBaseBoard\Debug\libLib_EaBaseBoard.a(pca9532.o)
                0x00001cb4                pca9532_setLeds
 .text.rgb_init
                0x00001d54       0x44 D:\NUS\Year 2 AY2016-2017\EE2024\Lib_EaBaseBoard\Debug\libLib_EaBaseBoard.a(rgb.o)
                0x00001d54                rgb_init
 .text.rgb_setLeds
                0x00001d98       0x54 D:\NUS\Year 2 AY2016-2017\EE2024\Lib_EaBaseBoard\Debug\libLib_EaBaseBoard.a(rgb.o)
                0x00001d98                rgb_setLeds
 .text.temp_init
                0x00001dec       0x2c D:\NUS\Year 2 AY2016-2017\EE2024\Lib_EaBaseBoard\Debug\libLib_EaBaseBoard.a(temp.o)
                0x00001dec                temp_init
 .text.temp_read
                0x00001e18      0x10c D:\NUS\Year 2 AY2016-2017\EE2024\Lib_EaBaseBoard\Debug\libLib_EaBaseBoard.a(temp.o)
                0x00001e18                temp_read
 .text.GPIO_GetPointer
                0x00001f24       0x7c D:\NUS\Year 2 AY2016-2017\EE2024\Lib_MCU\Debug\libLib_MCU.a(lpc17xx_gpio.o)
 .text.GPIO_SetDir
                0x00001fa0       0x54 D:\NUS\Year 2 AY2016-2017\EE2024\Lib_MCU\Debug\libLib_MCU.a(lpc17xx_gpio.o)
                0x00001fa0                GPIO_SetDir
 .text.GPIO_SetValue
                0x00001ff4       0x2c D:\NUS\Year 2 AY2016-2017\EE2024\Lib_MCU\Debug\libLib_MCU.a(lpc17xx_gpio.o)
                0x00001ff4                GPIO_SetValue
 .text.GPIO_ClearValue
                0x00002020       0x2c D:\NUS\Year 2 AY2016-2017\EE2024\Lib_MCU\Debug\libLib_MCU.a(lpc17xx_gpio.o)
                0x00002020                GPIO_ClearValue
 .text.GPIO_ReadValue
                0x0000204c       0x30 D:\NUS\Year 2 AY2016-2017\EE2024\Lib_MCU\Debug\libLib_MCU.a(lpc17xx_gpio.o)
                0x0000204c                GPIO_ReadValue
 .text.NVIC_EnableIRQ
                0x0000207c       0x38 D:\NUS\Year 2 AY2016-2017\EE2024\Lib_MCU\Debug\libLib_MCU.a(lpc17xx_i2c.o)
 .text.NVIC_DisableIRQ
                0x000020b4       0x3c D:\NUS\Year 2 AY2016-2017\EE2024\Lib_MCU\Debug\libLib_MCU.a(lpc17xx_i2c.o)
 .text.I2C_getNum
                0x000020f0       0x54 D:\NUS\Year 2 AY2016-2017\EE2024\Lib_MCU\Debug\libLib_MCU.a(lpc17xx_i2c.o)
 .text.I2C_Start
                0x00002144       0x44 D:\NUS\Year 2 AY2016-2017\EE2024\Lib_MCU\Debug\libLib_MCU.a(lpc17xx_i2c.o)
 .text.I2C_Stop
                0x00002188       0x38 D:\NUS\Year 2 AY2016-2017\EE2024\Lib_MCU\Debug\libLib_MCU.a(lpc17xx_i2c.o)
 .text.I2C_SendByte
                0x000021c0       0x50 D:\NUS\Year 2 AY2016-2017\EE2024\Lib_MCU\Debug\libLib_MCU.a(lpc17xx_i2c.o)
 .text.I2C_GetByte
                0x00002210       0x5c D:\NUS\Year 2 AY2016-2017\EE2024\Lib_MCU\Debug\libLib_MCU.a(lpc17xx_i2c.o)
 .text.I2C_IntCmd
                0x0000226c       0xa8 D:\NUS\Year 2 AY2016-2017\EE2024\Lib_MCU\Debug\libLib_MCU.a(lpc17xx_i2c.o)
                0x0000226c                I2C_IntCmd
 .text.I2C_MasterHandler
                0x00002314      0x408 D:\NUS\Year 2 AY2016-2017\EE2024\Lib_MCU\Debug\libLib_MCU.a(lpc17xx_i2c.o)
                0x00002314                I2C_MasterHandler
 .text.I2C_SetClock
                0x0000271c       0xc8 D:\NUS\Year 2 AY2016-2017\EE2024\Lib_MCU\Debug\libLib_MCU.a(lpc17xx_i2c.o)
                0x0000271c                I2C_SetClock
 .text.I2C_Init
                0x000027e4       0xd8 D:\NUS\Year 2 AY2016-2017\EE2024\Lib_MCU\Debug\libLib_MCU.a(lpc17xx_i2c.o)
                0x000027e4                I2C_Init
 .text.I2C_Cmd  0x000028bc       0x84 D:\NUS\Year 2 AY2016-2017\EE2024\Lib_MCU\Debug\libLib_MCU.a(lpc17xx_i2c.o)
                0x000028bc                I2C_Cmd
 .text.I2C_MasterTransferData
                0x00002940      0x390 D:\NUS\Year 2 AY2016-2017\EE2024\Lib_MCU\Debug\libLib_MCU.a(lpc17xx_i2c.o)
                0x00002940                I2C_MasterTransferData
 .text.PINSEL_SetPinFunc
                0x00002cd0       0x9c D:\NUS\Year 2 AY2016-2017\EE2024\Lib_MCU\Debug\libLib_MCU.a(lpc17xx_pinsel.o)
                0x00002cd0                PINSEL_SetPinFunc
 .text.PINSEL_SetResistorMode
                0x00002d6c       0x9c D:\NUS\Year 2 AY2016-2017\EE2024\Lib_MCU\Debug\libLib_MCU.a(lpc17xx_pinsel.o)
                0x00002d6c                PINSEL_SetResistorMode
 .text.PINSEL_SetOpenDrainMode
                0x00002e08       0x7c D:\NUS\Year 2 AY2016-2017\EE2024\Lib_MCU\Debug\libLib_MCU.a(lpc17xx_pinsel.o)
                0x00002e08                PINSEL_SetOpenDrainMode
 .text.PINSEL_ConfigPin
                0x00002e84       0x54 D:\NUS\Year 2 AY2016-2017\EE2024\Lib_MCU\Debug\libLib_MCU.a(lpc17xx_pinsel.o)
                0x00002e84                PINSEL_ConfigPin
 .text.SSP_getNum
                0x00002ed8       0x40 D:\NUS\Year 2 AY2016-2017\EE2024\Lib_MCU\Debug\libLib_MCU.a(lpc17xx_ssp.o)
 .text.SSP_IntHandler
                0x00002f18      0x338 D:\NUS\Year 2 AY2016-2017\EE2024\Lib_MCU\Debug\libLib_MCU.a(lpc17xx_ssp.o)
                0x00002f18                SSP_IntHandler
 .text.SSP_SetClock
                0x00003250       0xf8 D:\NUS\Year 2 AY2016-2017\EE2024\Lib_MCU\Debug\libLib_MCU.a(lpc17xx_ssp.o)
                0x00003250                SSP_SetClock
 .text.SSP_Init
                0x00003348      0x10c D:\NUS\Year 2 AY2016-2017\EE2024\Lib_MCU\Debug\libLib_MCU.a(lpc17xx_ssp.o)
                0x00003348                SSP_Init
 .text.SSP_ConfigStructInit
                0x00003454       0x48 D:\NUS\Year 2 AY2016-2017\EE2024\Lib_MCU\Debug\libLib_MCU.a(lpc17xx_ssp.o)
                0x00003454                SSP_ConfigStructInit
 .text.SSP_Cmd  0x0000349c       0x7c D:\NUS\Year 2 AY2016-2017\EE2024\Lib_MCU\Debug\libLib_MCU.a(lpc17xx_ssp.o)
                0x0000349c                SSP_Cmd
 .text.SSP_SendData
                0x00003518       0x48 D:\NUS\Year 2 AY2016-2017\EE2024\Lib_MCU\Debug\libLib_MCU.a(lpc17xx_ssp.o)
                0x00003518                SSP_SendData
 .text.SSP_ReceiveData
                0x00003560       0x44 D:\NUS\Year 2 AY2016-2017\EE2024\Lib_MCU\Debug\libLib_MCU.a(lpc17xx_ssp.o)
                0x00003560                SSP_ReceiveData
 .text.SSP_ReadWrite
                0x000035a4      0x440 D:\NUS\Year 2 AY2016-2017\EE2024\Lib_MCU\Debug\libLib_MCU.a(lpc17xx_ssp.o)
                0x000035a4                SSP_ReadWrite
 .text.TIM_GetPClock
                0x000039e4       0x68 D:\NUS\Year 2 AY2016-2017\EE2024\Lib_MCU\Debug\libLib_MCU.a(lpc17xx_timer.o)
                0x000039e4                TIM_GetPClock
 .text.TIM_ConverUSecToVal
                0x00003a4c       0x64 D:\NUS\Year 2 AY2016-2017\EE2024\Lib_MCU\Debug\libLib_MCU.a(lpc17xx_timer.o)
                0x00003a4c                TIM_ConverUSecToVal
 .text.TIM_ConverPtrToTimeNum
                0x00003ab0       0x6c D:\NUS\Year 2 AY2016-2017\EE2024\Lib_MCU\Debug\libLib_MCU.a(lpc17xx_timer.o)
                0x00003ab0                TIM_ConverPtrToTimeNum
 .text.TIM_GetIntStatus
                0x00003b1c       0xb4 D:\NUS\Year 2 AY2016-2017\EE2024\Lib_MCU\Debug\libLib_MCU.a(lpc17xx_timer.o)
                0x00003b1c                TIM_GetIntStatus
 .text.TIM_ClearIntPending
                0x00003bd0       0xa0 D:\NUS\Year 2 AY2016-2017\EE2024\Lib_MCU\Debug\libLib_MCU.a(lpc17xx_timer.o)
                0x00003bd0                TIM_ClearIntPending
 .text.TIM_Init
                0x00003c70      0x1bc D:\NUS\Year 2 AY2016-2017\EE2024\Lib_MCU\Debug\libLib_MCU.a(lpc17xx_timer.o)
                0x00003c70                TIM_Init
 .text.TIM_Cmd  0x00003e2c       0x78 D:\NUS\Year 2 AY2016-2017\EE2024\Lib_MCU\Debug\libLib_MCU.a(lpc17xx_timer.o)
                0x00003e2c                TIM_Cmd
 .text.TIM_ConfigMatch
                0x00003ea4      0x19c D:\NUS\Year 2 AY2016-2017\EE2024\Lib_MCU\Debug\libLib_MCU.a(lpc17xx_timer.o)
                0x00003ea4                TIM_ConfigMatch
 .text.Timer0_Wait
                0x00004040       0x8c D:\NUS\Year 2 AY2016-2017\EE2024\Lib_MCU\Debug\libLib_MCU.a(lpc17xx_timer.o)
                0x00004040                Timer0_Wait
 .text.uart_set_divisors
                0x000040cc      0x26c D:\NUS\Year 2 AY2016-2017\EE2024\Lib_MCU\Debug\libLib_MCU.a(lpc17xx_uart.o)
                0x000040cc                uart_set_divisors
 .text.UART_Init
                0x00004338      0x368 D:\NUS\Year 2 AY2016-2017\EE2024\Lib_MCU\Debug\libLib_MCU.a(lpc17xx_uart.o)
                0x00004338                UART_Init
 .text.UART_SendData
                0x000046a0       0x78 D:\NUS\Year 2 AY2016-2017\EE2024\Lib_MCU\Debug\libLib_MCU.a(lpc17xx_uart.o)
                0x000046a0                UART_SendData
 .text.UART_TxCmd
                0x00004718       0xe8 D:\NUS\Year 2 AY2016-2017\EE2024\Lib_MCU\Debug\libLib_MCU.a(lpc17xx_uart.o)
                0x00004718                UART_TxCmd
 .text.UART_Send
                0x00004800      0x10c D:\NUS\Year 2 AY2016-2017\EE2024\Lib_MCU\Debug\libLib_MCU.a(lpc17xx_uart.o)
                0x00004800                UART_Send
 .text.CLKPWR_SetPCLKDiv
                0x0000490c       0xcc D:\NUS\Year 2 AY2016-2017\EE2024\Lib_MCU\Debug\libLib_MCU.a(lpc17xx_clkpwr.o)
                0x0000490c                CLKPWR_SetPCLKDiv
 .text.CLKPWR_GetPCLKSEL
                0x000049d8       0x54 D:\NUS\Year 2 AY2016-2017\EE2024\Lib_MCU\Debug\libLib_MCU.a(lpc17xx_clkpwr.o)
                0x000049d8                CLKPWR_GetPCLKSEL
 .text.CLKPWR_GetPCLK
                0x00004a2c       0x74 D:\NUS\Year 2 AY2016-2017\EE2024\Lib_MCU\Debug\libLib_MCU.a(lpc17xx_clkpwr.o)
                0x00004a2c                CLKPWR_GetPCLK
 .text.CLKPWR_ConfigPPWR
                0x00004aa0       0x78 D:\NUS\Year 2 AY2016-2017\EE2024\Lib_MCU\Debug\libLib_MCU.a(lpc17xx_clkpwr.o)
                0x00004aa0                CLKPWR_ConfigPPWR
 .text          0x00004b18       0x2c c:/nxp/lpcxpresso_6.1.4_194/lpcxpresso/tools/bin/../lib/gcc/arm-none-eabi/4.6.2/armv7-m\libgcc.a(_aeabi_uldivmod.o)
                0x00004b18                __aeabi_uldivmod
 .text          0x00004b44       0x5c c:/nxp/lpcxpresso_6.1.4_194/lpcxpresso/tools/bin/../lib/gcc/arm-none-eabi/4.6.2/armv7-m\libgcc.a(bpabi.o)
                0x00004b44                __gnu_ldivmod_helper
                0x00004b74                __gnu_uldivmod_helper
 .text          0x00004ba0        0x4 c:/nxp/lpcxpresso_6.1.4_194/lpcxpresso/tools/bin/../lib/gcc/arm-none-eabi/4.6.2/armv7-m\libgcc.a(_dvmd_tls.o)
                0x00004ba0                __aeabi_idiv0
                0x00004ba0                __aeabi_ldiv0
 .text          0x00004ba4      0x2c8 c:/nxp/lpcxpresso_6.1.4_194/lpcxpresso/tools/bin/../lib/gcc/arm-none-eabi/4.6.2/armv7-m\libgcc.a(_divdi3.o)
                0x00004ba4                __divdi3
 .text          0x00004e6c      0x298 c:/nxp/lpcxpresso_6.1.4_194/lpcxpresso/tools/bin/../lib/gcc/arm-none-eabi/4.6.2/armv7-m\libgcc.a(_udivdi3.o)
                0x00004e6c                __udivdi3
 .text.abs      0x00005104        0x8 c:/nxp/lpcxpresso_6.1.4_194/lpcxpresso/tools/bin/../lib/gcc/arm-none-eabi/4.6.2/../../../../arm-none-eabi/lib/armv7-m\libc.a(lib_a-abs.o)
                0x00005104                abs
 .text.memset   0x0000510c       0x90 c:/nxp/lpcxpresso_6.1.4_194/lpcxpresso/tools/bin/../lib/gcc/arm-none-eabi/4.6.2/../../../../arm-none-eabi/lib/armv7-m\libc.a(lib_a-memset.o)
                0x0000510c                memset
 .text.sprintf  0x0000519c       0x50 c:/nxp/lpcxpresso_6.1.4_194/lpcxpresso/tools/bin/../lib/gcc/arm-none-eabi/4.6.2/../../../../arm-none-eabi/lib/armv7-m\libc.a(lib_a-sprintf.o)
                0x0000519c                sprintf
 .text.strlen   0x000051ec       0x60 c:/nxp/lpcxpresso_6.1.4_194/lpcxpresso/tools/bin/../lib/gcc/arm-none-eabi/4.6.2/../../../../arm-none-eabi/lib/armv7-m\libc.a(lib_a-strlen.o)
                0x000051ec                strlen
 .text._svfprintf_r
                0x0000524c     0x1408 c:/nxp/lpcxpresso_6.1.4_194/lpcxpresso/tools/bin/../lib/gcc/arm-none-eabi/4.6.2/../../../../arm-none-eabi/lib/armv7-m\libc.a(lib_a-svfprintf.o)
                0x0000524c                _svfprintf_r
 .text.quorem   0x00006654      0x150 c:/nxp/lpcxpresso_6.1.4_194/lpcxpresso/tools/bin/../lib/gcc/arm-none-eabi/4.6.2/../../../../arm-none-eabi/lib/armv7-m\libc.a(lib_a-dtoa.o)
 *fill*         0x000067a4        0x4 00
 .text._dtoa_r  0x000067a8      0xe60 c:/nxp/lpcxpresso_6.1.4_194/lpcxpresso/tools/bin/../lib/gcc/arm-none-eabi/4.6.2/../../../../arm-none-eabi/lib/armv7-m\libc.a(lib_a-dtoa.o)
                0x000067a8                _dtoa_r
 .text._localeconv_r
                0x00007608        0xc c:/nxp/lpcxpresso_6.1.4_194/lpcxpresso/tools/bin/../lib/gcc/arm-none-eabi/4.6.2/../../../../arm-none-eabi/lib/armv7-m\libc.a(lib_a-locale.o)
                0x00007608                _localeconv_r
 .text._malloc_r
                0x00007614      0x528 c:/nxp/lpcxpresso_6.1.4_194/lpcxpresso/tools/bin/../lib/gcc/arm-none-eabi/4.6.2/../../../../arm-none-eabi/lib/armv7-m\libc.a(lib_a-mallocr.o)
                0x00007614                _malloc_r
 .text.memchr   0x00007b3c       0x84 c:/nxp/lpcxpresso_6.1.4_194/lpcxpresso/tools/bin/../lib/gcc/arm-none-eabi/4.6.2/../../../../arm-none-eabi/lib/armv7-m\libc.a(lib_a-memchr.o)
                0x00007b3c                memchr
 .text.memcpy   0x00007bc0       0x84 c:/nxp/lpcxpresso_6.1.4_194/lpcxpresso/tools/bin/../lib/gcc/arm-none-eabi/4.6.2/../../../../arm-none-eabi/lib/armv7-m\libc.a(lib_a-memcpy.o)
                0x00007bc0                memcpy
 .text.__malloc_lock
                0x00007c44        0x4 c:/nxp/lpcxpresso_6.1.4_194/lpcxpresso/tools/bin/../lib/gcc/arm-none-eabi/4.6.2/../../../../arm-none-eabi/lib/armv7-m\libc.a(lib_a-mlock.o)
                0x00007c44                __malloc_lock
 .text.__malloc_unlock
                0x00007c48        0x4 c:/nxp/lpcxpresso_6.1.4_194/lpcxpresso/tools/bin/../lib/gcc/arm-none-eabi/4.6.2/../../../../arm-none-eabi/lib/armv7-m\libc.a(lib_a-mlock.o)
                0x00007c48                __malloc_unlock
 .text._Balloc  0x00007c4c       0x4c c:/nxp/lpcxpresso_6.1.4_194/lpcxpresso/tools/bin/../lib/gcc/arm-none-eabi/4.6.2/../../../../arm-none-eabi/lib/armv7-m\libc.a(lib_a-mprec.o)
                0x00007c4c                _Balloc
 .text._Bfree   0x00007c98       0x14 c:/nxp/lpcxpresso_6.1.4_194/lpcxpresso/tools/bin/../lib/gcc/arm-none-eabi/4.6.2/../../../../arm-none-eabi/lib/armv7-m\libc.a(lib_a-mprec.o)
                0x00007c98                _Bfree
 .text.__multadd
                0x00007cac       0x84 c:/nxp/lpcxpresso_6.1.4_194/lpcxpresso/tools/bin/../lib/gcc/arm-none-eabi/4.6.2/../../../../arm-none-eabi/lib/armv7-m\libc.a(lib_a-mprec.o)
                0x00007cac                __multadd
 .text.__hi0bits
                0x00007d30       0x3c c:/nxp/lpcxpresso_6.1.4_194/lpcxpresso/tools/bin/../lib/gcc/arm-none-eabi/4.6.2/../../../../arm-none-eabi/lib/armv7-m\libc.a(lib_a-mprec.o)
                0x00007d30                __hi0bits
 .text.__lo0bits
                0x00007d6c       0x5c c:/nxp/lpcxpresso_6.1.4_194/lpcxpresso/tools/bin/../lib/gcc/arm-none-eabi/4.6.2/../../../../arm-none-eabi/lib/armv7-m\libc.a(lib_a-mprec.o)
                0x00007d6c                __lo0bits
 .text.__i2b    0x00007dc8       0x14 c:/nxp/lpcxpresso_6.1.4_194/lpcxpresso/tools/bin/../lib/gcc/arm-none-eabi/4.6.2/../../../../arm-none-eabi/lib/armv7-m\libc.a(lib_a-mprec.o)
                0x00007dc8                __i2b
 .text.__multiply
                0x00007ddc      0x144 c:/nxp/lpcxpresso_6.1.4_194/lpcxpresso/tools/bin/../lib/gcc/arm-none-eabi/4.6.2/../../../../arm-none-eabi/lib/armv7-m\libc.a(lib_a-mprec.o)
                0x00007ddc                __multiply
 .text.__pow5mult
                0x00007f20       0x98 c:/nxp/lpcxpresso_6.1.4_194/lpcxpresso/tools/bin/../lib/gcc/arm-none-eabi/4.6.2/../../../../arm-none-eabi/lib/armv7-m\libc.a(lib_a-mprec.o)
                0x00007f20                __pow5mult
 .text.__lshift
                0x00007fb8       0xc0 c:/nxp/lpcxpresso_6.1.4_194/lpcxpresso/tools/bin/../lib/gcc/arm-none-eabi/4.6.2/../../../../arm-none-eabi/lib/armv7-m\libc.a(lib_a-mprec.o)
                0x00007fb8                __lshift
 .text.__mcmp   0x00008078       0x3c c:/nxp/lpcxpresso_6.1.4_194/lpcxpresso/tools/bin/../lib/gcc/arm-none-eabi/4.6.2/../../../../arm-none-eabi/lib/armv7-m\libc.a(lib_a-mprec.o)
                0x00008078                __mcmp
 .text.__mdiff  0x000080b4       0xd8 c:/nxp/lpcxpresso_6.1.4_194/lpcxpresso/tools/bin/../lib/gcc/arm-none-eabi/4.6.2/../../../../arm-none-eabi/lib/armv7-m\libc.a(lib_a-mprec.o)
                0x000080b4                __mdiff
 .text.__d2b    0x0000818c       0xcc c:/nxp/lpcxpresso_6.1.4_194/lpcxpresso/tools/bin/../lib/gcc/arm-none-eabi/4.6.2/../../../../arm-none-eabi/lib/armv7-m\libc.a(lib_a-mprec.o)
                0x0000818c                __d2b
 .text.__fpclassifyd
                0x00008258       0x68 c:/nxp/lpcxpresso_6.1.4_194/lpcxpresso/tools/bin/../lib/gcc/arm-none-eabi/4.6.2/../../../../arm-none-eabi/lib/armv7-m\libc.a(lib_a-s_fpclassify.o)
                0x00008258                __fpclassifyd
 .text._sbrk_r  0x000082c0       0x24 c:/nxp/lpcxpresso_6.1.4_194/lpcxpresso/tools/bin/../lib/gcc/arm-none-eabi/4.6.2/../../../../arm-none-eabi/lib/armv7-m\libc.a(lib_a-sbrkr.o)
                0x000082c0                _sbrk_r
 .text.__ssprint_r
                0x000082e4       0xf8 c:/nxp/lpcxpresso_6.1.4_194/lpcxpresso/tools/bin/../lib/gcc/arm-none-eabi/4.6.2/../../../../arm-none-eabi/lib/armv7-m\libc.a(lib_a-svfiprintf.o)
                0x000082e4                __ssprint_r
 .text._calloc_r
                0x000083dc       0x60 c:/nxp/lpcxpresso_6.1.4_194/lpcxpresso/tools/bin/../lib/gcc/arm-none-eabi/4.6.2/../../../../arm-none-eabi/lib/armv7-m\libc.a(lib_a-callocr.o)
                0x000083dc                _calloc_r
 .text._malloc_trim_r
                0x0000843c       0xa0 c:/nxp/lpcxpresso_6.1.4_194/lpcxpresso/tools/bin/../lib/gcc/arm-none-eabi/4.6.2/../../../../arm-none-eabi/lib/armv7-m\libc.a(lib_a-freer.o)
                0x0000843c                _malloc_trim_r
 .text._free_r  0x000084dc      0x190 c:/nxp/lpcxpresso_6.1.4_194/lpcxpresso/tools/bin/../lib/gcc/arm-none-eabi/4.6.2/../../../../arm-none-eabi/lib/armv7-m\libc.a(lib_a-freer.o)
                0x000084dc                _free_r
 .text.memmove  0x0000866c       0xb0 c:/nxp/lpcxpresso_6.1.4_194/lpcxpresso/tools/bin/../lib/gcc/arm-none-eabi/4.6.2/../../../../arm-none-eabi/lib/armv7-m\libc.a(lib_a-memmove.o)
                0x0000866c                memmove
 .text._realloc_r
                0x0000871c      0x3f4 c:/nxp/lpcxpresso_6.1.4_194/lpcxpresso/tools/bin/../lib/gcc/arm-none-eabi/4.6.2/../../../../arm-none-eabi/lib/armv7-m\libc.a(lib_a-reallocr.o)
                0x0000871c                _realloc_r
 .text._sbrk    0x00008b10       0x3c c:/nxp/lpcxpresso_6.1.4_194/lpcxpresso/tools/bin/../lib/gcc/arm-none-eabi/4.6.2/../../../../arm-none-eabi/lib/armv7-m\libcr_newlib_semihost.a(_cr_sbrk.o)
                0x00008b10                _sbrk
 .text.__check_heap_overflow
                0x00008b4c       0x2c c:/nxp/lpcxpresso_6.1.4_194/lpcxpresso/tools/bin/../lib/gcc/arm-none-eabi/4.6.2/../../../../arm-none-eabi/lib/armv7-m\libcr_newlib_semihost.a(_cr_check_heap.o)
                0x00008b4c                __check_heap_overflow
 .text          0x00008b78      0x370 c:/nxp/lpcxpresso_6.1.4_194/lpcxpresso/tools/bin/../lib/gcc/arm-none-eabi/4.6.2/armv7-m\libgcc.a(_arm_addsubdf3.o)
                0x00008b78                __aeabi_drsub
                0x00008b80                __aeabi_dsub
                0x00008b80                __subdf3
                0x00008b84                __aeabi_dadd
                0x00008b84                __adddf3
                0x00008dfc                __floatunsidf
                0x00008dfc                __aeabi_ui2d
                0x00008e1c                __floatsidf
                0x00008e1c                __aeabi_i2d
                0x00008e40                __aeabi_f2d
                0x00008e40                __extendsfdf2
                0x00008e7c                __floatundidf
                0x00008e7c                __aeabi_ul2d
                0x00008e8c                __floatdidf
                0x00008e8c                __aeabi_l2d
 .text          0x00008ee8      0x424 c:/nxp/lpcxpresso_6.1.4_194/lpcxpresso/tools/bin/../lib/gcc/arm-none-eabi/4.6.2/armv7-m\libgcc.a(_arm_muldivdf3.o)
                0x00008ee8                __aeabi_dmul
                0x00008ee8                __muldf3
                0x0000913c                __divdf3
                0x0000913c                __aeabi_ddiv
 .text          0x0000930c      0x110 c:/nxp/lpcxpresso_6.1.4_194/lpcxpresso/tools/bin/../lib/gcc/arm-none-eabi/4.6.2/armv7-m\libgcc.a(_arm_cmpdf2.o)
                0x0000930c                __gtdf2
                0x0000930c                __gedf2
                0x00009314                __ltdf2
                0x00009314                __ledf2
                0x0000931c                __nedf2
                0x0000931c                __eqdf2
                0x0000931c                __cmpdf2
                0x00009398                __aeabi_cdrcmple
                0x000093a8                __aeabi_cdcmpeq
                0x000093a8                __aeabi_cdcmple
                0x000093b8                __aeabi_dcmpeq
                0x000093cc                __aeabi_dcmplt
                0x000093e0                __aeabi_dcmple
                0x000093f4                __aeabi_dcmpge
                0x00009408                __aeabi_dcmpgt
 .text          0x0000941c       0x50 c:/nxp/lpcxpresso_6.1.4_194/lpcxpresso/tools/bin/../lib/gcc/arm-none-eabi/4.6.2/armv7-m\libgcc.a(_arm_fixdfsi.o)
                0x0000941c                __aeabi_d2iz
                0x0000941c                __fixdfsi
 .text.__errno  0x0000946c        0xc c:/nxp/lpcxpresso_6.1.4_194/lpcxpresso/tools/bin/../lib/gcc/arm-none-eabi/4.6.2/../../../../arm-none-eabi/lib/armv7-m\libc.a(lib_a-errno.o)
                0x0000946c                __errno
 *(.rodata .rodata.* .constdata .constdata.*)
 .rodata        0x00009478       0xf0 ./src/main.o
 .rodata        0x00009568        0x8 D:\NUS\Year 2 AY2016-2017\EE2024\Lib_EaBaseBoard\Debug\libLib_EaBaseBoard.a(oled.o)
 .rodata        0x00009570      0x300 D:\NUS\Year 2 AY2016-2017\EE2024\Lib_EaBaseBoard\Debug\libLib_EaBaseBoard.a(font5x7.o)
                0x00009570                font5x7
 .rodata        0x00009870       0x18 D:\NUS\Year 2 AY2016-2017\EE2024\Lib_MCU\Debug\libLib_MCU.a(lpc17xx_i2c.o)
 .rodata        0x00009888       0x18 D:\NUS\Year 2 AY2016-2017\EE2024\Lib_MCU\Debug\libLib_MCU.a(lpc17xx_ssp.o)
 .rodata        0x000098a0       0x18 D:\NUS\Year 2 AY2016-2017\EE2024\Lib_MCU\Debug\libLib_MCU.a(lpc17xx_timer.o)
 .rodata        0x000098b8       0x18 D:\NUS\Year 2 AY2016-2017\EE2024\Lib_MCU\Debug\libLib_MCU.a(lpc17xx_uart.o)
 .rodata.zeroes.6590
                0x000098d0       0x10 c:/nxp/lpcxpresso_6.1.4_194/lpcxpresso/tools/bin/../lib/gcc/arm-none-eabi/4.6.2/../../../../arm-none-eabi/lib/armv7-m\libc.a(lib_a-svfprintf.o)
 .rodata.str1.4
                0x000098e0       0x42 c:/nxp/lpcxpresso_6.1.4_194/lpcxpresso/tools/bin/../lib/gcc/arm-none-eabi/4.6.2/../../../../arm-none-eabi/lib/armv7-m\libc.a(lib_a-svfprintf.o)
                                 0x44 (size before relaxing)
 *fill*         0x00009922        0x2 00
 .rodata.blanks.6589
                0x00009924       0x10 c:/nxp/lpcxpresso_6.1.4_194/lpcxpresso/tools/bin/../lib/gcc/arm-none-eabi/4.6.2/../../../../arm-none-eabi/lib/armv7-m\libc.a(lib_a-svfprintf.o)
 .rodata.str1.4
                0x00009934       0x10 c:/nxp/lpcxpresso_6.1.4_194/lpcxpresso/tools/bin/../lib/gcc/arm-none-eabi/4.6.2/../../../../arm-none-eabi/lib/armv7-m\libc.a(lib_a-dtoa.o)
                                 0x14 (size before relaxing)
 .rodata.str1.4
                0x00009944        0x2 c:/nxp/lpcxpresso_6.1.4_194/lpcxpresso/tools/bin/../lib/gcc/arm-none-eabi/4.6.2/../../../../arm-none-eabi/lib/armv7-m\libc.a(lib_a-impure.o)
                                  0x4 (size before relaxing)
 *fill*         0x00009946        0x2 00
 .rodata.str1.4
                0x00009948        0xc c:/nxp/lpcxpresso_6.1.4_194/lpcxpresso/tools/bin/../lib/gcc/arm-none-eabi/4.6.2/../../../../arm-none-eabi/lib/armv7-m\libc.a(lib_a-locale.o)
                                 0x14 (size before relaxing)
 *fill*         0x00009954        0x4 00
 .rodata.__mprec_tens
                0x00009958       0xc8 c:/nxp/lpcxpresso_6.1.4_194/lpcxpresso/tools/bin/../lib/gcc/arm-none-eabi/4.6.2/../../../../arm-none-eabi/lib/armv7-m\libc.a(lib_a-mprec.o)
                0x00009958                __mprec_tens
 .rodata.__mprec_bigtens
                0x00009a20       0x28 c:/nxp/lpcxpresso_6.1.4_194/lpcxpresso/tools/bin/../lib/gcc/arm-none-eabi/4.6.2/../../../../arm-none-eabi/lib/armv7-m\libc.a(lib_a-mprec.o)
                0x00009a20                __mprec_bigtens
 .rodata.p05.5111
                0x00009a48        0xc c:/nxp/lpcxpresso_6.1.4_194/lpcxpresso/tools/bin/../lib/gcc/arm-none-eabi/4.6.2/../../../../arm-none-eabi/lib/armv7-m\libc.a(lib_a-mprec.o)
                0x00009a54                . = ALIGN (0x4)

.glue_7         0x00009a54        0x0
 .glue_7        0x00000000        0x0 linker stubs

.glue_7t        0x00009a54        0x0
 .glue_7t       0x00000000        0x0 linker stubs

.vfp11_veneer   0x00009a54        0x0
 .vfp11_veneer  0x00000000        0x0 linker stubs

.v4_bx          0x00009a54        0x0
 .v4_bx         0x00000000        0x0 linker stubs

.ARM.extab
 *(.ARM.extab* .gnu.linkonce.armextab.*)
                0x00009a54                __exidx_start = .

.ARM.exidx      0x00009a54        0x8
 *(.ARM.exidx* .gnu.linkonce.armexidx.*)
 .ARM.exidx     0x00009a54        0x8 c:/nxp/lpcxpresso_6.1.4_194/lpcxpresso/tools/bin/../lib/gcc/arm-none-eabi/4.6.2/armv7-m\libgcc.a(_divdi3.o)
 .ARM.exidx     0x00009a5c        0x0 c:/nxp/lpcxpresso_6.1.4_194/lpcxpresso/tools/bin/../lib/gcc/arm-none-eabi/4.6.2/armv7-m\libgcc.a(_udivdi3.o)
                                  0x8 (size before relaxing)
                0x00009a5c                __exidx_end = .
                0x00009a5c                _etext = .

.data_RAM2      0x2007c000        0x0 load address 0x00009a5c
 FILL mask 0xff
 *(.data.$RAM2*)
 *(.data.$RamAHB32*)
                0x2007c000                . = ALIGN (0x4)

.uninit_RESERVED
                0x10000000        0x0
 *(.bss.$RESERVED*)
                0x10000000                . = ALIGN (0x4)
                0x10000000                _end_uninit_RESERVED = .

.data           0x10000000      0x914 load address 0x00009a5c
 FILL mask 0xff
                0x10000000                _data = .
 *(vtable)
 *(.data*)
 .data          0x10000000       0x40 ./src/main.o
 .data          0x10000040        0x4 D:\NUS\Year 2 AY2016-2017\EE2024\Lib_CMSISv1p30_LPC17xx\Debug\libCMSISv1p30_LPC17xx.a(system_LPC17xx.o)
                0x10000040                SystemCoreClock
 .data          0x10000044       0x50 D:\NUS\Year 2 AY2016-2017\EE2024\Lib_EaBaseBoard\Debug\libLib_EaBaseBoard.a(led7seg.o)
 .data          0x10000094        0x8 D:\NUS\Year 2 AY2016-2017\EE2024\Lib_EaBaseBoard\Debug\libLib_EaBaseBoard.a(light.o)
 *fill*         0x1000009c        0x4 00
 .data.impure_data
                0x100000a0      0x428 c:/nxp/lpcxpresso_6.1.4_194/lpcxpresso/tools/bin/../lib/gcc/arm-none-eabi/4.6.2/../../../../arm-none-eabi/lib/armv7-m\libc.a(lib_a-impure.o)
 .data._impure_ptr
                0x100004c8        0x4 c:/nxp/lpcxpresso_6.1.4_194/lpcxpresso/tools/bin/../lib/gcc/arm-none-eabi/4.6.2/../../../../arm-none-eabi/lib/armv7-m\libc.a(lib_a-impure.o)
                0x100004c8                _impure_ptr
 .data.lconv    0x100004cc       0x38 c:/nxp/lpcxpresso_6.1.4_194/lpcxpresso/tools/bin/../lib/gcc/arm-none-eabi/4.6.2/../../../../arm-none-eabi/lib/armv7-m\libc.a(lib_a-locale.o)
 .data.__malloc_av_
                0x10000504      0x408 c:/nxp/lpcxpresso_6.1.4_194/lpcxpresso/tools/bin/../lib/gcc/arm-none-eabi/4.6.2/../../../../arm-none-eabi/lib/armv7-m\libc.a(lib_a-mallocr.o)
                0x10000504                __malloc_av_
 .data.__malloc_trim_threshold
                0x1000090c        0x4 c:/nxp/lpcxpresso_6.1.4_194/lpcxpresso/tools/bin/../lib/gcc/arm-none-eabi/4.6.2/../../../../arm-none-eabi/lib/armv7-m\libc.a(lib_a-mallocr.o)
                0x1000090c                __malloc_trim_threshold
 .data.__malloc_sbrk_base
                0x10000910        0x4 c:/nxp/lpcxpresso_6.1.4_194/lpcxpresso/tools/bin/../lib/gcc/arm-none-eabi/4.6.2/../../../../arm-none-eabi/lib/armv7-m\libc.a(lib_a-mallocr.o)
                0x10000910                __malloc_sbrk_base
                0x10000914                . = ALIGN (0x4)
                0x10000914                _edata = .

.bss_RAM2       0x2007c000        0x0
 *(.bss.$RAM2*)
 *(.bss.$RamAHB32*)
                0x2007c000                . = ALIGN (0x4)

.bss            0x10000914      0x38c
                0x10000914                _bss = .
 *(.bss*)
 .bss           0x10000914        0x4 ./src/main.o
 .bss           0x10000918      0x300 D:\NUS\Year 2 AY2016-2017\EE2024\Lib_EaBaseBoard\Debug\libLib_EaBaseBoard.a(oled.o)
 .bss           0x10000c18        0x6 D:\NUS\Year 2 AY2016-2017\EE2024\Lib_EaBaseBoard\Debug\libLib_EaBaseBoard.a(pca9532.o)
 *fill*         0x10000c1e        0x2 00
 .bss           0x10000c20        0x4 D:\NUS\Year 2 AY2016-2017\EE2024\Lib_EaBaseBoard\Debug\libLib_EaBaseBoard.a(temp.o)
 .bss           0x10000c24       0x24 D:\NUS\Year 2 AY2016-2017\EE2024\Lib_MCU\Debug\libLib_MCU.a(lpc17xx_i2c.o)
 .bss           0x10000c48       0x18 D:\NUS\Year 2 AY2016-2017\EE2024\Lib_MCU\Debug\libLib_MCU.a(lpc17xx_ssp.o)
 .bss.__malloc_max_total_mem
                0x10000c60        0x4 c:/nxp/lpcxpresso_6.1.4_194/lpcxpresso/tools/bin/../lib/gcc/arm-none-eabi/4.6.2/../../../../arm-none-eabi/lib/armv7-m\libc.a(lib_a-mallocr.o)
                0x10000c60                __malloc_max_total_mem
 .bss.__malloc_max_sbrked_mem
                0x10000c64        0x4 c:/nxp/lpcxpresso_6.1.4_194/lpcxpresso/tools/bin/../lib/gcc/arm-none-eabi/4.6.2/../../../../arm-none-eabi/lib/armv7-m\libc.a(lib_a-mallocr.o)
                0x10000c64                __malloc_max_sbrked_mem
 .bss.__malloc_top_pad
                0x10000c68        0x4 c:/nxp/lpcxpresso_6.1.4_194/lpcxpresso/tools/bin/../lib/gcc/arm-none-eabi/4.6.2/../../../../arm-none-eabi/lib/armv7-m\libc.a(lib_a-mallocr.o)
                0x10000c68                __malloc_top_pad
 .bss.__malloc_current_mallinfo
                0x10000c6c       0x28 c:/nxp/lpcxpresso_6.1.4_194/lpcxpresso/tools/bin/../lib/gcc/arm-none-eabi/4.6.2/../../../../arm-none-eabi/lib/armv7-m\libc.a(lib_a-mallocr.o)
                0x10000c6c                __malloc_current_mallinfo
 *(COMMON)
 COMMON         0x10000c94        0x4 ./src/main.o
                0x10000c94                msTicks
 COMMON         0x10000c98        0x4 c:/nxp/lpcxpresso_6.1.4_194/lpcxpresso/tools/bin/../lib/gcc/arm-none-eabi/4.6.2/../../../../arm-none-eabi/lib/armv7-m\libc.a(lib_a-reent.o)
                0x10000c98                errno
 COMMON         0x10000c9c        0x4 c:/nxp/lpcxpresso_6.1.4_194/lpcxpresso/tools/bin/../lib/gcc/arm-none-eabi/4.6.2/../../../../arm-none-eabi/lib/armv7-m\libcr_newlib_semihost.a(_cr_sbrk.o)
                0x10000c9c                __end_of_heap
                0x10000ca0                . = ALIGN (0x4)
                0x10000ca0                _ebss = .
                0x10000ca0                PROVIDE (end, .)

.noinit_RAM2    0x2007c000        0x0
 *(.noinit.$RAM2*)
 *(.noinit.$RamAHB32*)
                0x2007c000                . = ALIGN (0x4)

.noinit         0x10000ca0        0x0
                0x10000ca0                _noinit = .
 *(.noinit*)
                0x10000ca0                . = ALIGN (0x4)
                0x10000ca0                _end_noinit = .
                0x10000ca0                PROVIDE (_pvHeapStart, .)
                0x10008000                PROVIDE (_vStackTop, (__top_RamLoc32 - 0x0))
OUTPUT(demo.axf elf32-littlearm)

.debug_info     0x00000000     0x849b
 .debug_info    0x00000000      0x209 ./src/cr_startup_lpc17.o
 .debug_info    0x00000209     0x117f ./src/main.o
 .debug_info    0x00001388      0x357 D:\NUS\Year 2 AY2016-2017\EE2024\Lib_CMSISv1p30_LPC17xx\Debug\libCMSISv1p30_LPC17xx.a(system_LPC17xx.o)
 .debug_info    0x000016df      0x53d D:\NUS\Year 2 AY2016-2017\EE2024\Lib_EaBaseBoard\Debug\libLib_EaBaseBoard.a(acc.o)
 .debug_info    0x00001c1c      0x10f D:\NUS\Year 2 AY2016-2017\EE2024\Lib_EaBaseBoard\Debug\libLib_EaBaseBoard.a(joystick.o)
 .debug_info    0x00001d2b      0x282 D:\NUS\Year 2 AY2016-2017\EE2024\Lib_EaBaseBoard\Debug\libLib_EaBaseBoard.a(led7seg.o)
 .debug_info    0x00001fad      0x763 D:\NUS\Year 2 AY2016-2017\EE2024\Lib_EaBaseBoard\Debug\libLib_EaBaseBoard.a(light.o)
 .debug_info    0x00002710      0x97d D:\NUS\Year 2 AY2016-2017\EE2024\Lib_EaBaseBoard\Debug\libLib_EaBaseBoard.a(oled.o)
 .debug_info    0x0000308d      0x642 D:\NUS\Year 2 AY2016-2017\EE2024\Lib_EaBaseBoard\Debug\libLib_EaBaseBoard.a(pca9532.o)
 .debug_info    0x000036cf       0xe4 D:\NUS\Year 2 AY2016-2017\EE2024\Lib_EaBaseBoard\Debug\libLib_EaBaseBoard.a(rgb.o)
 .debug_info    0x000037b3      0x154 D:\NUS\Year 2 AY2016-2017\EE2024\Lib_EaBaseBoard\Debug\libLib_EaBaseBoard.a(temp.o)
 .debug_info    0x00003907       0x65 D:\NUS\Year 2 AY2016-2017\EE2024\Lib_EaBaseBoard\Debug\libLib_EaBaseBoard.a(font5x7.o)
 .debug_info    0x0000396c      0xb95 D:\NUS\Year 2 AY2016-2017\EE2024\Lib_MCU\Debug\libLib_MCU.a(lpc17xx_gpio.o)
 .debug_info    0x00004501      0xcc3 D:\NUS\Year 2 AY2016-2017\EE2024\Lib_MCU\Debug\libLib_MCU.a(lpc17xx_i2c.o)
 .debug_info    0x000051c4      0x4b1 D:\NUS\Year 2 AY2016-2017\EE2024\Lib_MCU\Debug\libLib_MCU.a(lpc17xx_pinsel.o)
 .debug_info    0x00005675      0x867 D:\NUS\Year 2 AY2016-2017\EE2024\Lib_MCU\Debug\libLib_MCU.a(lpc17xx_ssp.o)
 .debug_info    0x00005edc      0x8e4 D:\NUS\Year 2 AY2016-2017\EE2024\Lib_MCU\Debug\libLib_MCU.a(lpc17xx_timer.o)
 .debug_info    0x000067c0     0x14df D:\NUS\Year 2 AY2016-2017\EE2024\Lib_MCU\Debug\libLib_MCU.a(lpc17xx_uart.o)
 .debug_info    0x00007c9f      0x641 D:\NUS\Year 2 AY2016-2017\EE2024\Lib_MCU\Debug\libLib_MCU.a(lpc17xx_clkpwr.o)
 .debug_info    0x000082e0      0x106 c:/nxp/lpcxpresso_6.1.4_194/lpcxpresso/tools/bin/../lib/gcc/arm-none-eabi/4.6.2/../../../../arm-none-eabi/lib/armv7-m\libcr_newlib_semihost.a(_cr_sbrk.o)
 .debug_info    0x000083e6       0xb5 c:/nxp/lpcxpresso_6.1.4_194/lpcxpresso/tools/bin/../lib/gcc/arm-none-eabi/4.6.2/../../../../arm-none-eabi/lib/armv7-m\libcr_newlib_semihost.a(_cr_check_heap.o)

.debug_abbrev   0x00000000     0x1be4
 .debug_abbrev  0x00000000       0xb4 ./src/cr_startup_lpc17.o
 .debug_abbrev  0x000000b4      0x2fc ./src/main.o
 .debug_abbrev  0x000003b0       0xce D:\NUS\Year 2 AY2016-2017\EE2024\Lib_CMSISv1p30_LPC17xx\Debug\libCMSISv1p30_LPC17xx.a(system_LPC17xx.o)
 .debug_abbrev  0x0000047e      0x15c D:\NUS\Year 2 AY2016-2017\EE2024\Lib_EaBaseBoard\Debug\libLib_EaBaseBoard.a(acc.o)
 .debug_abbrev  0x000005da       0x90 D:\NUS\Year 2 AY2016-2017\EE2024\Lib_EaBaseBoard\Debug\libLib_EaBaseBoard.a(joystick.o)
 .debug_abbrev  0x0000066a      0x155 D:\NUS\Year 2 AY2016-2017\EE2024\Lib_EaBaseBoard\Debug\libLib_EaBaseBoard.a(led7seg.o)
 .debug_abbrev  0x000007bf      0x1bd D:\NUS\Year 2 AY2016-2017\EE2024\Lib_EaBaseBoard\Debug\libLib_EaBaseBoard.a(light.o)
 .debug_abbrev  0x0000097c      0x1f1 D:\NUS\Year 2 AY2016-2017\EE2024\Lib_EaBaseBoard\Debug\libLib_EaBaseBoard.a(oled.o)
 .debug_abbrev  0x00000b6d      0x1aa D:\NUS\Year 2 AY2016-2017\EE2024\Lib_EaBaseBoard\Debug\libLib_EaBaseBoard.a(pca9532.o)
 .debug_abbrev  0x00000d17       0x8e D:\NUS\Year 2 AY2016-2017\EE2024\Lib_EaBaseBoard\Debug\libLib_EaBaseBoard.a(rgb.o)
 .debug_abbrev  0x00000da5       0xc2 D:\NUS\Year 2 AY2016-2017\EE2024\Lib_EaBaseBoard\Debug\libLib_EaBaseBoard.a(temp.o)
 .debug_abbrev  0x00000e67       0x4b D:\NUS\Year 2 AY2016-2017\EE2024\Lib_EaBaseBoard\Debug\libLib_EaBaseBoard.a(font5x7.o)
 .debug_abbrev  0x00000eb2      0x185 D:\NUS\Year 2 AY2016-2017\EE2024\Lib_MCU\Debug\libLib_MCU.a(lpc17xx_gpio.o)
 .debug_abbrev  0x00001037      0x24a D:\NUS\Year 2 AY2016-2017\EE2024\Lib_MCU\Debug\libLib_MCU.a(lpc17xx_i2c.o)
 .debug_abbrev  0x00001281      0x10a D:\NUS\Year 2 AY2016-2017\EE2024\Lib_MCU\Debug\libLib_MCU.a(lpc17xx_pinsel.o)
 .debug_abbrev  0x0000138b      0x1d3 D:\NUS\Year 2 AY2016-2017\EE2024\Lib_MCU\Debug\libLib_MCU.a(lpc17xx_ssp.o)
 .debug_abbrev  0x0000155e      0x19f D:\NUS\Year 2 AY2016-2017\EE2024\Lib_MCU\Debug\libLib_MCU.a(lpc17xx_timer.o)
 .debug_abbrev  0x000016fd      0x259 D:\NUS\Year 2 AY2016-2017\EE2024\Lib_MCU\Debug\libLib_MCU.a(lpc17xx_uart.o)
 .debug_abbrev  0x00001956      0x174 D:\NUS\Year 2 AY2016-2017\EE2024\Lib_MCU\Debug\libLib_MCU.a(lpc17xx_clkpwr.o)
 .debug_abbrev  0x00001aca       0xa8 c:/nxp/lpcxpresso_6.1.4_194/lpcxpresso/tools/bin/../lib/gcc/arm-none-eabi/4.6.2/../../../../arm-none-eabi/lib/armv7-m\libcr_newlib_semihost.a(_cr_sbrk.o)
 .debug_abbrev  0x00001b72       0x72 c:/nxp/lpcxpresso_6.1.4_194/lpcxpresso/tools/bin/../lib/gcc/arm-none-eabi/4.6.2/../../../../arm-none-eabi/lib/armv7-m\libcr_newlib_semihost.a(_cr_check_heap.o)

.debug_loc      0x00000000     0x2fe0
 .debug_loc     0x00000000      0x1f0 ./src/cr_startup_lpc17.o
 .debug_loc     0x000001f0      0x3ce ./src/main.o
 .debug_loc     0x000005be       0x58 D:\NUS\Year 2 AY2016-2017\EE2024\Lib_CMSISv1p30_LPC17xx\Debug\libCMSISv1p30_LPC17xx.a(system_LPC17xx.o)
 .debug_loc     0x00000616      0x1f0 D:\NUS\Year 2 AY2016-2017\EE2024\Lib_EaBaseBoard\Debug\libLib_EaBaseBoard.a(acc.o)
 .debug_loc     0x00000806       0x64 D:\NUS\Year 2 AY2016-2017\EE2024\Lib_EaBaseBoard\Debug\libLib_EaBaseBoard.a(joystick.o)
 .debug_loc     0x0000086a       0x64 D:\NUS\Year 2 AY2016-2017\EE2024\Lib_EaBaseBoard\Debug\libLib_EaBaseBoard.a(led7seg.o)
 .debug_loc     0x000008ce      0x378 D:\NUS\Year 2 AY2016-2017\EE2024\Lib_EaBaseBoard\Debug\libLib_EaBaseBoard.a(light.o)
 .debug_loc     0x00000c46      0x33e D:\NUS\Year 2 AY2016-2017\EE2024\Lib_EaBaseBoard\Debug\libLib_EaBaseBoard.a(oled.o)
 .debug_loc     0x00000f84      0x2d0 D:\NUS\Year 2 AY2016-2017\EE2024\Lib_EaBaseBoard\Debug\libLib_EaBaseBoard.a(pca9532.o)
 .debug_loc     0x00001254       0x64 D:\NUS\Year 2 AY2016-2017\EE2024\Lib_EaBaseBoard\Debug\libLib_EaBaseBoard.a(rgb.o)
 .debug_loc     0x000012b8       0x70 D:\NUS\Year 2 AY2016-2017\EE2024\Lib_EaBaseBoard\Debug\libLib_EaBaseBoard.a(temp.o)
 .debug_loc     0x00001328      0x4d0 D:\NUS\Year 2 AY2016-2017\EE2024\Lib_MCU\Debug\libLib_MCU.a(lpc17xx_gpio.o)
 .debug_loc     0x000017f8      0x4e4 D:\NUS\Year 2 AY2016-2017\EE2024\Lib_MCU\Debug\libLib_MCU.a(lpc17xx_i2c.o)
 .debug_loc     0x00001cdc      0x150 D:\NUS\Year 2 AY2016-2017\EE2024\Lib_MCU\Debug\libLib_MCU.a(lpc17xx_pinsel.o)
 .debug_loc     0x00001e2c      0x448 D:\NUS\Year 2 AY2016-2017\EE2024\Lib_MCU\Debug\libLib_MCU.a(lpc17xx_ssp.o)
 .debug_loc     0x00002274      0x3b8 D:\NUS\Year 2 AY2016-2017\EE2024\Lib_MCU\Debug\libLib_MCU.a(lpc17xx_timer.o)
 .debug_loc     0x0000262c      0x77a D:\NUS\Year 2 AY2016-2017\EE2024\Lib_MCU\Debug\libLib_MCU.a(lpc17xx_uart.o)
 .debug_loc     0x00002da6      0x1bc D:\NUS\Year 2 AY2016-2017\EE2024\Lib_MCU\Debug\libLib_MCU.a(lpc17xx_clkpwr.o)
 .debug_loc     0x00002f62       0x55 c:/nxp/lpcxpresso_6.1.4_194/lpcxpresso/tools/bin/../lib/gcc/arm-none-eabi/4.6.2/../../../../arm-none-eabi/lib/armv7-m\libcr_newlib_semihost.a(_cr_sbrk.o)
 .debug_loc     0x00002fb7       0x29 c:/nxp/lpcxpresso_6.1.4_194/lpcxpresso/tools/bin/../lib/gcc/arm-none-eabi/4.6.2/../../../../arm-none-eabi/lib/armv7-m\libcr_newlib_semihost.a(_cr_check_heap.o)

.debug_aranges  0x00000000      0x8f0
 .debug_aranges
                0x00000000       0x70 ./src/cr_startup_lpc17.o
 .debug_aranges
                0x00000070       0xa8 ./src/main.o
 .debug_aranges
                0x00000118       0x28 D:\NUS\Year 2 AY2016-2017\EE2024\Lib_CMSISv1p30_LPC17xx\Debug\libCMSISv1p30_LPC17xx.a(system_LPC17xx.o)
 .debug_aranges
                0x00000140       0x60 D:\NUS\Year 2 AY2016-2017\EE2024\Lib_EaBaseBoard\Debug\libLib_EaBaseBoard.a(acc.o)
 .debug_aranges
                0x000001a0       0x28 D:\NUS\Year 2 AY2016-2017\EE2024\Lib_EaBaseBoard\Debug\libLib_EaBaseBoard.a(joystick.o)
 .debug_aranges
                0x000001c8       0x28 D:\NUS\Year 2 AY2016-2017\EE2024\Lib_EaBaseBoard\Debug\libLib_EaBaseBoard.a(led7seg.o)
 .debug_aranges
                0x000001f0       0x98 D:\NUS\Year 2 AY2016-2017\EE2024\Lib_EaBaseBoard\Debug\libLib_EaBaseBoard.a(light.o)
 .debug_aranges
                0x00000288       0x90 D:\NUS\Year 2 AY2016-2017\EE2024\Lib_EaBaseBoard\Debug\libLib_EaBaseBoard.a(oled.o)
 .debug_aranges
                0x00000318       0x80 D:\NUS\Year 2 AY2016-2017\EE2024\Lib_EaBaseBoard\Debug\libLib_EaBaseBoard.a(pca9532.o)
 .debug_aranges
                0x00000398       0x28 D:\NUS\Year 2 AY2016-2017\EE2024\Lib_EaBaseBoard\Debug\libLib_EaBaseBoard.a(rgb.o)
 .debug_aranges
                0x000003c0       0x28 D:\NUS\Year 2 AY2016-2017\EE2024\Lib_EaBaseBoard\Debug\libLib_EaBaseBoard.a(temp.o)
 .debug_aranges
                0x000003e8       0xc8 D:\NUS\Year 2 AY2016-2017\EE2024\Lib_MCU\Debug\libLib_MCU.a(lpc17xx_gpio.o)
 .debug_aranges
                0x000004b0       0xd0 D:\NUS\Year 2 AY2016-2017\EE2024\Lib_MCU\Debug\libLib_MCU.a(lpc17xx_i2c.o)
 .debug_aranges
                0x00000580       0x48 D:\NUS\Year 2 AY2016-2017\EE2024\Lib_MCU\Debug\libLib_MCU.a(lpc17xx_pinsel.o)
 .debug_aranges
                0x000005c8       0xb8 D:\NUS\Year 2 AY2016-2017\EE2024\Lib_MCU\Debug\libLib_MCU.a(lpc17xx_ssp.o)
 .debug_aranges
                0x00000680       0xa0 D:\NUS\Year 2 AY2016-2017\EE2024\Lib_MCU\Debug\libLib_MCU.a(lpc17xx_timer.o)
 .debug_aranges
                0x00000720      0x130 D:\NUS\Year 2 AY2016-2017\EE2024\Lib_MCU\Debug\libLib_MCU.a(lpc17xx_uart.o)
 .debug_aranges
                0x00000850       0x60 D:\NUS\Year 2 AY2016-2017\EE2024\Lib_MCU\Debug\libLib_MCU.a(lpc17xx_clkpwr.o)
 .debug_aranges
                0x000008b0       0x20 c:/nxp/lpcxpresso_6.1.4_194/lpcxpresso/tools/bin/../lib/gcc/arm-none-eabi/4.6.2/../../../../arm-none-eabi/lib/armv7-m\libcr_newlib_semihost.a(_cr_sbrk.o)
 .debug_aranges
                0x000008d0       0x20 c:/nxp/lpcxpresso_6.1.4_194/lpcxpresso/tools/bin/../lib/gcc/arm-none-eabi/4.6.2/../../../../arm-none-eabi/lib/armv7-m\libcr_newlib_semihost.a(_cr_check_heap.o)

.debug_ranges   0x00000000      0x7b0
 .debug_ranges  0x00000000       0x60 ./src/cr_startup_lpc17.o
 .debug_ranges  0x00000060       0x98 ./src/main.o
 .debug_ranges  0x000000f8       0x18 D:\NUS\Year 2 AY2016-2017\EE2024\Lib_CMSISv1p30_LPC17xx\Debug\libCMSISv1p30_LPC17xx.a(system_LPC17xx.o)
 .debug_ranges  0x00000110       0x50 D:\NUS\Year 2 AY2016-2017\EE2024\Lib_EaBaseBoard\Debug\libLib_EaBaseBoard.a(acc.o)
 .debug_ranges  0x00000160       0x18 D:\NUS\Year 2 AY2016-2017\EE2024\Lib_EaBaseBoard\Debug\libLib_EaBaseBoard.a(joystick.o)
 .debug_ranges  0x00000178       0x18 D:\NUS\Year 2 AY2016-2017\EE2024\Lib_EaBaseBoard\Debug\libLib_EaBaseBoard.a(led7seg.o)
 .debug_ranges  0x00000190       0x88 D:\NUS\Year 2 AY2016-2017\EE2024\Lib_EaBaseBoard\Debug\libLib_EaBaseBoard.a(light.o)
 .debug_ranges  0x00000218       0x80 D:\NUS\Year 2 AY2016-2017\EE2024\Lib_EaBaseBoard\Debug\libLib_EaBaseBoard.a(oled.o)
 .debug_ranges  0x00000298       0x70 D:\NUS\Year 2 AY2016-2017\EE2024\Lib_EaBaseBoard\Debug\libLib_EaBaseBoard.a(pca9532.o)
 .debug_ranges  0x00000308       0x18 D:\NUS\Year 2 AY2016-2017\EE2024\Lib_EaBaseBoard\Debug\libLib_EaBaseBoard.a(rgb.o)
 .debug_ranges  0x00000320       0x18 D:\NUS\Year 2 AY2016-2017\EE2024\Lib_EaBaseBoard\Debug\libLib_EaBaseBoard.a(temp.o)
 .debug_ranges  0x00000338       0xb8 D:\NUS\Year 2 AY2016-2017\EE2024\Lib_MCU\Debug\libLib_MCU.a(lpc17xx_gpio.o)
 .debug_ranges  0x000003f0       0xc0 D:\NUS\Year 2 AY2016-2017\EE2024\Lib_MCU\Debug\libLib_MCU.a(lpc17xx_i2c.o)
 .debug_ranges  0x000004b0       0x38 D:\NUS\Year 2 AY2016-2017\EE2024\Lib_MCU\Debug\libLib_MCU.a(lpc17xx_pinsel.o)
 .debug_ranges  0x000004e8       0xa8 D:\NUS\Year 2 AY2016-2017\EE2024\Lib_MCU\Debug\libLib_MCU.a(lpc17xx_ssp.o)
 .debug_ranges  0x00000590       0x90 D:\NUS\Year 2 AY2016-2017\EE2024\Lib_MCU\Debug\libLib_MCU.a(lpc17xx_timer.o)
 .debug_ranges  0x00000620      0x120 D:\NUS\Year 2 AY2016-2017\EE2024\Lib_MCU\Debug\libLib_MCU.a(lpc17xx_uart.o)
 .debug_ranges  0x00000740       0x50 D:\NUS\Year 2 AY2016-2017\EE2024\Lib_MCU\Debug\libLib_MCU.a(lpc17xx_clkpwr.o)
 .debug_ranges  0x00000790       0x10 c:/nxp/lpcxpresso_6.1.4_194/lpcxpresso/tools/bin/../lib/gcc/arm-none-eabi/4.6.2/../../../../arm-none-eabi/lib/armv7-m\libcr_newlib_semihost.a(_cr_sbrk.o)
 .debug_ranges  0x000007a0       0x10 c:/nxp/lpcxpresso_6.1.4_194/lpcxpresso/tools/bin/../lib/gcc/arm-none-eabi/4.6.2/../../../../arm-none-eabi/lib/armv7-m\libcr_newlib_semihost.a(_cr_check_heap.o)

.debug_line     0x00000000     0x6947
 .debug_line    0x00000000      0x35c ./src/cr_startup_lpc17.o
 .debug_line    0x0000035c      0x67f ./src/main.o
 .debug_line    0x000009db      0x3fb D:\NUS\Year 2 AY2016-2017\EE2024\Lib_CMSISv1p30_LPC17xx\Debug\libCMSISv1p30_LPC17xx.a(system_LPC17xx.o)
 .debug_line    0x00000dd6      0x4be D:\NUS\Year 2 AY2016-2017\EE2024\Lib_EaBaseBoard\Debug\libLib_EaBaseBoard.a(acc.o)
 .debug_line    0x00001294      0x429 D:\NUS\Year 2 AY2016-2017\EE2024\Lib_EaBaseBoard\Debug\libLib_EaBaseBoard.a(joystick.o)
 .debug_line    0x000016bd      0x439 D:\NUS\Year 2 AY2016-2017\EE2024\Lib_EaBaseBoard\Debug\libLib_EaBaseBoard.a(led7seg.o)
 .debug_line    0x00001af6      0x56a D:\NUS\Year 2 AY2016-2017\EE2024\Lib_EaBaseBoard\Debug\libLib_EaBaseBoard.a(light.o)
 .debug_line    0x00002060      0x743 D:\NUS\Year 2 AY2016-2017\EE2024\Lib_EaBaseBoard\Debug\libLib_EaBaseBoard.a(oled.o)
 .debug_line    0x000027a3      0x555 D:\NUS\Year 2 AY2016-2017\EE2024\Lib_EaBaseBoard\Debug\libLib_EaBaseBoard.a(pca9532.o)
 .debug_line    0x00002cf8      0x416 D:\NUS\Year 2 AY2016-2017\EE2024\Lib_EaBaseBoard\Debug\libLib_EaBaseBoard.a(rgb.o)
 .debug_line    0x0000310e      0x437 D:\NUS\Year 2 AY2016-2017\EE2024\Lib_EaBaseBoard\Debug\libLib_EaBaseBoard.a(temp.o)
 .debug_line    0x00003545       0x76 D:\NUS\Year 2 AY2016-2017\EE2024\Lib_EaBaseBoard\Debug\libLib_EaBaseBoard.a(font5x7.o)
 .debug_line    0x000035bb      0x5c6 D:\NUS\Year 2 AY2016-2017\EE2024\Lib_MCU\Debug\libLib_MCU.a(lpc17xx_gpio.o)
 .debug_line    0x00003b81      0x8e1 D:\NUS\Year 2 AY2016-2017\EE2024\Lib_MCU\Debug\libLib_MCU.a(lpc17xx_i2c.o)
 .debug_line    0x00004462      0x445 D:\NUS\Year 2 AY2016-2017\EE2024\Lib_MCU\Debug\libLib_MCU.a(lpc17xx_pinsel.o)
 .debug_line    0x000048a7      0x814 D:\NUS\Year 2 AY2016-2017\EE2024\Lib_MCU\Debug\libLib_MCU.a(lpc17xx_ssp.o)
 .debug_line    0x000050bb      0x772 D:\NUS\Year 2 AY2016-2017\EE2024\Lib_MCU\Debug\libLib_MCU.a(lpc17xx_timer.o)
 .debug_line    0x0000582d      0xb60 D:\NUS\Year 2 AY2016-2017\EE2024\Lib_MCU\Debug\libLib_MCU.a(lpc17xx_uart.o)
 .debug_line    0x0000638d      0x4a6 D:\NUS\Year 2 AY2016-2017\EE2024\Lib_MCU\Debug\libLib_MCU.a(lpc17xx_clkpwr.o)
 .debug_line    0x00006833       0xc0 c:/nxp/lpcxpresso_6.1.4_194/lpcxpresso/tools/bin/../lib/gcc/arm-none-eabi/4.6.2/../../../../arm-none-eabi/lib/armv7-m\libcr_newlib_semihost.a(_cr_sbrk.o)
 .debug_line    0x000068f3       0x54 c:/nxp/lpcxpresso_6.1.4_194/lpcxpresso/tools/bin/../lib/gcc/arm-none-eabi/4.6.2/../../../../arm-none-eabi/lib/armv7-m\libcr_newlib_semihost.a(_cr_check_heap.o)

.debug_macinfo  0x00000000    0xa5750
 .debug_macinfo
                0x00000000     0x2c15 ./src/cr_startup_lpc17.o
 .debug_macinfo
                0x00002c15     0xb790 ./src/main.o
 .debug_macinfo
                0x0000e3a5     0x83f8 D:\NUS\Year 2 AY2016-2017\EE2024\Lib_CMSISv1p30_LPC17xx\Debug\libCMSISv1p30_LPC17xx.a(system_LPC17xx.o)
 .debug_macinfo
                0x0001679d     0x8f1b D:\NUS\Year 2 AY2016-2017\EE2024\Lib_EaBaseBoard\Debug\libLib_EaBaseBoard.a(acc.o)
 .debug_macinfo
                0x0001f6b8     0x858b D:\NUS\Year 2 AY2016-2017\EE2024\Lib_EaBaseBoard\Debug\libLib_EaBaseBoard.a(joystick.o)
 .debug_macinfo
                0x00027c43     0x96a3 D:\NUS\Year 2 AY2016-2017\EE2024\Lib_EaBaseBoard\Debug\libLib_EaBaseBoard.a(led7seg.o)
 .debug_macinfo
                0x000312e6     0x8e3a D:\NUS\Year 2 AY2016-2017\EE2024\Lib_EaBaseBoard\Debug\libLib_EaBaseBoard.a(light.o)
 .debug_macinfo
                0x0003a120     0xa143 D:\NUS\Year 2 AY2016-2017\EE2024\Lib_EaBaseBoard\Debug\libLib_EaBaseBoard.a(oled.o)
 .debug_macinfo
                0x00044263     0x8e59 D:\NUS\Year 2 AY2016-2017\EE2024\Lib_EaBaseBoard\Debug\libLib_EaBaseBoard.a(pca9532.o)
 .debug_macinfo
                0x0004d0bc     0x854c D:\NUS\Year 2 AY2016-2017\EE2024\Lib_EaBaseBoard\Debug\libLib_EaBaseBoard.a(rgb.o)
 .debug_macinfo
                0x00055608     0x85e6 D:\NUS\Year 2 AY2016-2017\EE2024\Lib_EaBaseBoard\Debug\libLib_EaBaseBoard.a(temp.o)
 .debug_macinfo
                0x0005dbee     0x332a D:\NUS\Year 2 AY2016-2017\EE2024\Lib_EaBaseBoard\Debug\libLib_EaBaseBoard.a(font5x7.o)
 .debug_macinfo
                0x00060f18     0x86b8 D:\NUS\Year 2 AY2016-2017\EE2024\Lib_MCU\Debug\libLib_MCU.a(lpc17xx_gpio.o)
 .debug_macinfo
                0x000695d0     0xa5d8 D:\NUS\Year 2 AY2016-2017\EE2024\Lib_MCU\Debug\libLib_MCU.a(lpc17xx_i2c.o)
 .debug_macinfo
                0x00073ba8     0x87d3 D:\NUS\Year 2 AY2016-2017\EE2024\Lib_MCU\Debug\libLib_MCU.a(lpc17xx_pinsel.o)
 .debug_macinfo
                0x0007c37b     0xa8d0 D:\NUS\Year 2 AY2016-2017\EE2024\Lib_MCU\Debug\libLib_MCU.a(lpc17xx_ssp.o)
 .debug_macinfo
                0x00086c4b     0xa4cd D:\NUS\Year 2 AY2016-2017\EE2024\Lib_MCU\Debug\libLib_MCU.a(lpc17xx_timer.o)
 .debug_macinfo
                0x00091118     0xb03f D:\NUS\Year 2 AY2016-2017\EE2024\Lib_MCU\Debug\libLib_MCU.a(lpc17xx_uart.o)
 .debug_macinfo
                0x0009c157     0x95f9 D:\NUS\Year 2 AY2016-2017\EE2024\Lib_MCU\Debug\libLib_MCU.a(lpc17xx_clkpwr.o)

.debug_str      0x00000000     0x2d2e
 .debug_str     0x00000000      0x1b7 ./src/cr_startup_lpc17.o
                                0x1f1 (size before relaxing)
 .debug_str     0x000001b7      0x818 ./src/main.o
                                0x95d (size before relaxing)
 .debug_str     0x000009cf      0x169 D:\NUS\Year 2 AY2016-2017\EE2024\Lib_CMSISv1p30_LPC17xx\Debug\libCMSISv1p30_LPC17xx.a(system_LPC17xx.o)
                                0x290 (size before relaxing)
 .debug_str     0x00000b38      0x206 D:\NUS\Year 2 AY2016-2017\EE2024\Lib_EaBaseBoard\Debug\libLib_EaBaseBoard.a(acc.o)
                                0x38c (size before relaxing)
 .debug_str     0x00000d3e       0x3a D:\NUS\Year 2 AY2016-2017\EE2024\Lib_EaBaseBoard\Debug\libLib_EaBaseBoard.a(joystick.o)
                                0x15d (size before relaxing)
 .debug_str     0x00000d78       0x95 D:\NUS\Year 2 AY2016-2017\EE2024\Lib_EaBaseBoard\Debug\libLib_EaBaseBoard.a(led7seg.o)
                                0x1f8 (size before relaxing)
 .debug_str     0x00000e0d      0x227 D:\NUS\Year 2 AY2016-2017\EE2024\Lib_EaBaseBoard\Debug\libLib_EaBaseBoard.a(light.o)
                                0x4f1 (size before relaxing)
 .debug_str     0x00001034      0x1a9 D:\NUS\Year 2 AY2016-2017\EE2024\Lib_EaBaseBoard\Debug\libLib_EaBaseBoard.a(oled.o)
                                0x3a9 (size before relaxing)
 .debug_str     0x000011dd      0x136 D:\NUS\Year 2 AY2016-2017\EE2024\Lib_EaBaseBoard\Debug\libLib_EaBaseBoard.a(pca9532.o)
                                0x3e3 (size before relaxing)
 .debug_str     0x00001313       0x22 D:\NUS\Year 2 AY2016-2017\EE2024\Lib_EaBaseBoard\Debug\libLib_EaBaseBoard.a(rgb.o)
                                0x13d (size before relaxing)
 .debug_str     0x00001335       0x19 D:\NUS\Year 2 AY2016-2017\EE2024\Lib_EaBaseBoard\Debug\libLib_EaBaseBoard.a(temp.o)
                                0x160 (size before relaxing)
 .debug_str     0x0000134e       0x11 D:\NUS\Year 2 AY2016-2017\EE2024\Lib_EaBaseBoard\Debug\libLib_EaBaseBoard.a(font5x7.o)
                                 0xb4 (size before relaxing)
 .debug_str     0x0000135f      0x36d D:\NUS\Year 2 AY2016-2017\EE2024\Lib_MCU\Debug\libLib_MCU.a(lpc17xx_gpio.o)
                                0x465 (size before relaxing)
 .debug_str     0x000016cc      0x318 D:\NUS\Year 2 AY2016-2017\EE2024\Lib_MCU\Debug\libLib_MCU.a(lpc17xx_i2c.o)
                                0x7fb (size before relaxing)
 .debug_str     0x000019e4      0x214 D:\NUS\Year 2 AY2016-2017\EE2024\Lib_MCU\Debug\libLib_MCU.a(lpc17xx_pinsel.o)
                                0x39a (size before relaxing)
 .debug_str     0x00001bf8      0x209 D:\NUS\Year 2 AY2016-2017\EE2024\Lib_MCU\Debug\libLib_MCU.a(lpc17xx_ssp.o)
                                0x478 (size before relaxing)
 .debug_str     0x00001e01      0x438 D:\NUS\Year 2 AY2016-2017\EE2024\Lib_MCU\Debug\libLib_MCU.a(lpc17xx_timer.o)
                                0x5ae (size before relaxing)
 .debug_str     0x00002239      0x929 D:\NUS\Year 2 AY2016-2017\EE2024\Lib_MCU\Debug\libLib_MCU.a(lpc17xx_uart.o)
                                0xc4e (size before relaxing)
 .debug_str     0x00002b62       0xcb D:\NUS\Year 2 AY2016-2017\EE2024\Lib_MCU\Debug\libLib_MCU.a(lpc17xx_clkpwr.o)
                                0x396 (size before relaxing)
 .debug_str     0x00002c2d       0xbc c:/nxp/lpcxpresso_6.1.4_194/lpcxpresso/tools/bin/../lib/gcc/arm-none-eabi/4.6.2/../../../../arm-none-eabi/lib/armv7-m\libcr_newlib_semihost.a(_cr_sbrk.o)
                                0x145 (size before relaxing)
 .debug_str     0x00002ce9       0x45 c:/nxp/lpcxpresso_6.1.4_194/lpcxpresso/tools/bin/../lib/gcc/arm-none-eabi/4.6.2/../../../../arm-none-eabi/lib/armv7-m\libcr_newlib_semihost.a(_cr_check_heap.o)
                                 0xd1 (size before relaxing)

.comment        0x00000000       0x9a
 .comment       0x00000000       0x70 ./src/cr_startup_lpc17.o
                                 0x71 (size before relaxing)
 .comment       0x00000000       0x71 ./src/main.o
 .comment       0x00000000       0x71 D:\NUS\Year 2 AY2016-2017\EE2024\Lib_CMSISv1p30_LPC17xx\Debug\libCMSISv1p30_LPC17xx.a(system_LPC17xx.o)
 .comment       0x00000000       0x71 D:\NUS\Year 2 AY2016-2017\EE2024\Lib_EaBaseBoard\Debug\libLib_EaBaseBoard.a(acc.o)
 .comment       0x00000000       0x71 D:\NUS\Year 2 AY2016-2017\EE2024\Lib_EaBaseBoard\Debug\libLib_EaBaseBoard.a(joystick.o)
 .comment       0x00000000       0x71 D:\NUS\Year 2 AY2016-2017\EE2024\Lib_EaBaseBoard\Debug\libLib_EaBaseBoard.a(led7seg.o)
 .comment       0x00000000       0x71 D:\NUS\Year 2 AY2016-2017\EE2024\Lib_EaBaseBoard\Debug\libLib_EaBaseBoard.a(light.o)
 .comment       0x00000000       0x71 D:\NUS\Year 2 AY2016-2017\EE2024\Lib_EaBaseBoard\Debug\libLib_EaBaseBoard.a(oled.o)
 .comment       0x00000000       0x71 D:\NUS\Year 2 AY2016-2017\EE2024\Lib_EaBaseBoard\Debug\libLib_EaBaseBoard.a(pca9532.o)
 .comment       0x00000000       0x71 D:\NUS\Year 2 AY2016-2017\EE2024\Lib_EaBaseBoard\Debug\libLib_EaBaseBoard.a(rgb.o)
 .comment       0x00000000       0x71 D:\NUS\Year 2 AY2016-2017\EE2024\Lib_EaBaseBoard\Debug\libLib_EaBaseBoard.a(temp.o)
 .comment       0x00000000       0x71 D:\NUS\Year 2 AY2016-2017\EE2024\Lib_EaBaseBoard\Debug\libLib_EaBaseBoard.a(font5x7.o)
 .comment       0x00000000       0x71 D:\NUS\Year 2 AY2016-2017\EE2024\Lib_MCU\Debug\libLib_MCU.a(lpc17xx_gpio.o)
 .comment       0x00000000       0x71 D:\NUS\Year 2 AY2016-2017\EE2024\Lib_MCU\Debug\libLib_MCU.a(lpc17xx_i2c.o)
 .comment       0x00000000       0x71 D:\NUS\Year 2 AY2016-2017\EE2024\Lib_MCU\Debug\libLib_MCU.a(lpc17xx_pinsel.o)
 .comment       0x00000000       0x71 D:\NUS\Year 2 AY2016-2017\EE2024\Lib_MCU\Debug\libLib_MCU.a(lpc17xx_ssp.o)
 .comment       0x00000000       0x71 D:\NUS\Year 2 AY2016-2017\EE2024\Lib_MCU\Debug\libLib_MCU.a(lpc17xx_timer.o)
 .comment       0x00000000       0x71 D:\NUS\Year 2 AY2016-2017\EE2024\Lib_MCU\Debug\libLib_MCU.a(lpc17xx_uart.o)
 .comment       0x00000000       0x71 D:\NUS\Year 2 AY2016-2017\EE2024\Lib_MCU\Debug\libLib_MCU.a(lpc17xx_clkpwr.o)
 .comment       0x00000070       0x2a c:/nxp/lpcxpresso_6.1.4_194/lpcxpresso/tools/bin/../lib/gcc/arm-none-eabi/4.6.2/../../../../arm-none-eabi/lib/armv7-m\libcr_newlib_semihost.a(_cr_sbrk.o)
                                 0x2b (size before relaxing)
 .comment       0x00000000       0x2b c:/nxp/lpcxpresso_6.1.4_194/lpcxpresso/tools/bin/../lib/gcc/arm-none-eabi/4.6.2/../../../../arm-none-eabi/lib/armv7-m\libcr_newlib_semihost.a(_cr_check_heap.o)

.ARM.attributes
                0x00000000       0x33
 .ARM.attributes
                0x00000000       0x33 ./src/cr_startup_lpc17.o
 .ARM.attributes
                0x00000033       0x33 ./src/main.o
 .ARM.attributes
                0x00000066       0x33 D:\NUS\Year 2 AY2016-2017\EE2024\Lib_CMSISv1p30_LPC17xx\Debug\libCMSISv1p30_LPC17xx.a(system_LPC17xx.o)
 .ARM.attributes
                0x00000099       0x33 D:\NUS\Year 2 AY2016-2017\EE2024\Lib_EaBaseBoard\Debug\libLib_EaBaseBoard.a(acc.o)
 .ARM.attributes
                0x000000cc       0x33 D:\NUS\Year 2 AY2016-2017\EE2024\Lib_EaBaseBoard\Debug\libLib_EaBaseBoard.a(joystick.o)
 .ARM.attributes
                0x000000ff       0x33 D:\NUS\Year 2 AY2016-2017\EE2024\Lib_EaBaseBoard\Debug\libLib_EaBaseBoard.a(led7seg.o)
 .ARM.attributes
                0x00000132       0x33 D:\NUS\Year 2 AY2016-2017\EE2024\Lib_EaBaseBoard\Debug\libLib_EaBaseBoard.a(light.o)
 .ARM.attributes
                0x00000165       0x33 D:\NUS\Year 2 AY2016-2017\EE2024\Lib_EaBaseBoard\Debug\libLib_EaBaseBoard.a(oled.o)
 .ARM.attributes
                0x00000198       0x33 D:\NUS\Year 2 AY2016-2017\EE2024\Lib_EaBaseBoard\Debug\libLib_EaBaseBoard.a(pca9532.o)
 .ARM.attributes
                0x000001cb       0x33 D:\NUS\Year 2 AY2016-2017\EE2024\Lib_EaBaseBoard\Debug\libLib_EaBaseBoard.a(rgb.o)
 .ARM.attributes
                0x000001fe       0x33 D:\NUS\Year 2 AY2016-2017\EE2024\Lib_EaBaseBoard\Debug\libLib_EaBaseBoard.a(temp.o)
 .ARM.attributes
                0x00000231       0x33 D:\NUS\Year 2 AY2016-2017\EE2024\Lib_EaBaseBoard\Debug\libLib_EaBaseBoard.a(font5x7.o)
 .ARM.attributes
                0x00000264       0x33 D:\NUS\Year 2 AY2016-2017\EE2024\Lib_MCU\Debug\libLib_MCU.a(lpc17xx_gpio.o)
 .ARM.attributes
                0x00000297       0x33 D:\NUS\Year 2 AY2016-2017\EE2024\Lib_MCU\Debug\libLib_MCU.a(lpc17xx_i2c.o)
 .ARM.attributes
                0x000002ca       0x33 D:\NUS\Year 2 AY2016-2017\EE2024\Lib_MCU\Debug\libLib_MCU.a(lpc17xx_pinsel.o)
 .ARM.attributes
                0x000002fd       0x33 D:\NUS\Year 2 AY2016-2017\EE2024\Lib_MCU\Debug\libLib_MCU.a(lpc17xx_ssp.o)
 .ARM.attributes
                0x00000330       0x33 D:\NUS\Year 2 AY2016-2017\EE2024\Lib_MCU\Debug\libLib_MCU.a(lpc17xx_timer.o)
 .ARM.attributes
                0x00000363       0x33 D:\NUS\Year 2 AY2016-2017\EE2024\Lib_MCU\Debug\libLib_MCU.a(lpc17xx_uart.o)
 .ARM.attributes
                0x00000396       0x33 D:\NUS\Year 2 AY2016-2017\EE2024\Lib_MCU\Debug\libLib_MCU.a(lpc17xx_clkpwr.o)
 .ARM.attributes
                0x000003c9       0x1d c:/nxp/lpcxpresso_6.1.4_194/lpcxpresso/tools/bin/../lib/gcc/arm-none-eabi/4.6.2/armv7-m\libgcc.a(_aeabi_uldivmod.o)
 .ARM.attributes
                0x000003e6       0x2d c:/nxp/lpcxpresso_6.1.4_194/lpcxpresso/tools/bin/../lib/gcc/arm-none-eabi/4.6.2/armv7-m\libgcc.a(bpabi.o)
 .ARM.attributes
                0x00000413       0x1d c:/nxp/lpcxpresso_6.1.4_194/lpcxpresso/tools/bin/../lib/gcc/arm-none-eabi/4.6.2/armv7-m\libgcc.a(_dvmd_tls.o)
 .ARM.attributes
                0x00000430       0x2d c:/nxp/lpcxpresso_6.1.4_194/lpcxpresso/tools/bin/../lib/gcc/arm-none-eabi/4.6.2/armv7-m\libgcc.a(_divdi3.o)
 .ARM.attributes
                0x0000045d       0x2d c:/nxp/lpcxpresso_6.1.4_194/lpcxpresso/tools/bin/../lib/gcc/arm-none-eabi/4.6.2/armv7-m\libgcc.a(_udivdi3.o)
 .ARM.attributes
                0x0000048a       0x2d c:/nxp/lpcxpresso_6.1.4_194/lpcxpresso/tools/bin/../lib/gcc/arm-none-eabi/4.6.2/../../../../arm-none-eabi/lib/armv7-m\libc.a(lib_a-abs.o)
 .ARM.attributes
                0x000004b7       0x2d c:/nxp/lpcxpresso_6.1.4_194/lpcxpresso/tools/bin/../lib/gcc/arm-none-eabi/4.6.2/../../../../arm-none-eabi/lib/armv7-m\libc.a(lib_a-memset.o)
 .ARM.attributes
                0x000004e4       0x2d c:/nxp/lpcxpresso_6.1.4_194/lpcxpresso/tools/bin/../lib/gcc/arm-none-eabi/4.6.2/../../../../arm-none-eabi/lib/armv7-m\libc.a(lib_a-sprintf.o)
 .ARM.attributes
                0x00000511       0x2d c:/nxp/lpcxpresso_6.1.4_194/lpcxpresso/tools/bin/../lib/gcc/arm-none-eabi/4.6.2/../../../../arm-none-eabi/lib/armv7-m\libc.a(lib_a-strlen.o)
 .ARM.attributes
                0x0000053e       0x2d c:/nxp/lpcxpresso_6.1.4_194/lpcxpresso/tools/bin/../lib/gcc/arm-none-eabi/4.6.2/../../../../arm-none-eabi/lib/armv7-m\libc.a(lib_a-svfprintf.o)
 .ARM.attributes
                0x0000056b       0x2d c:/nxp/lpcxpresso_6.1.4_194/lpcxpresso/tools/bin/../lib/gcc/arm-none-eabi/4.6.2/../../../../arm-none-eabi/lib/armv7-m\libc.a(lib_a-dtoa.o)
 .ARM.attributes
                0x00000598       0x2d c:/nxp/lpcxpresso_6.1.4_194/lpcxpresso/tools/bin/../lib/gcc/arm-none-eabi/4.6.2/../../../../arm-none-eabi/lib/armv7-m\libc.a(lib_a-impure.o)
 .ARM.attributes
                0x000005c5       0x2d c:/nxp/lpcxpresso_6.1.4_194/lpcxpresso/tools/bin/../lib/gcc/arm-none-eabi/4.6.2/../../../../arm-none-eabi/lib/armv7-m\libc.a(lib_a-locale.o)
 .ARM.attributes
                0x000005f2       0x2d c:/nxp/lpcxpresso_6.1.4_194/lpcxpresso/tools/bin/../lib/gcc/arm-none-eabi/4.6.2/../../../../arm-none-eabi/lib/armv7-m\libc.a(lib_a-mallocr.o)
 .ARM.attributes
                0x0000061f       0x2d c:/nxp/lpcxpresso_6.1.4_194/lpcxpresso/tools/bin/../lib/gcc/arm-none-eabi/4.6.2/../../../../arm-none-eabi/lib/armv7-m\libc.a(lib_a-memchr.o)
 .ARM.attributes
                0x0000064c       0x2d c:/nxp/lpcxpresso_6.1.4_194/lpcxpresso/tools/bin/../lib/gcc/arm-none-eabi/4.6.2/../../../../arm-none-eabi/lib/armv7-m\libc.a(lib_a-memcpy.o)
 .ARM.attributes
                0x00000679       0x2d c:/nxp/lpcxpresso_6.1.4_194/lpcxpresso/tools/bin/../lib/gcc/arm-none-eabi/4.6.2/../../../../arm-none-eabi/lib/armv7-m\libc.a(lib_a-mlock.o)
 .ARM.attributes
                0x000006a6       0x2d c:/nxp/lpcxpresso_6.1.4_194/lpcxpresso/tools/bin/../lib/gcc/arm-none-eabi/4.6.2/../../../../arm-none-eabi/lib/armv7-m\libc.a(lib_a-mprec.o)
 .ARM.attributes
                0x000006d3       0x2d c:/nxp/lpcxpresso_6.1.4_194/lpcxpresso/tools/bin/../lib/gcc/arm-none-eabi/4.6.2/../../../../arm-none-eabi/lib/armv7-m\libc.a(lib_a-s_fpclassify.o)
 .ARM.attributes
                0x00000700       0x2d c:/nxp/lpcxpresso_6.1.4_194/lpcxpresso/tools/bin/../lib/gcc/arm-none-eabi/4.6.2/../../../../arm-none-eabi/lib/armv7-m\libc.a(lib_a-sbrkr.o)
 .ARM.attributes
                0x0000072d       0x2d c:/nxp/lpcxpresso_6.1.4_194/lpcxpresso/tools/bin/../lib/gcc/arm-none-eabi/4.6.2/../../../../arm-none-eabi/lib/armv7-m\libc.a(lib_a-strcmp.o)
 .ARM.attributes
                0x0000075a       0x2d c:/nxp/lpcxpresso_6.1.4_194/lpcxpresso/tools/bin/../lib/gcc/arm-none-eabi/4.6.2/../../../../arm-none-eabi/lib/armv7-m\libc.a(lib_a-svfiprintf.o)
 .ARM.attributes
                0x00000787       0x2d c:/nxp/lpcxpresso_6.1.4_194/lpcxpresso/tools/bin/../lib/gcc/arm-none-eabi/4.6.2/../../../../arm-none-eabi/lib/armv7-m\libc.a(lib_a-callocr.o)
 .ARM.attributes
                0x000007b4       0x2d c:/nxp/lpcxpresso_6.1.4_194/lpcxpresso/tools/bin/../lib/gcc/arm-none-eabi/4.6.2/../../../../arm-none-eabi/lib/armv7-m\libc.a(lib_a-freer.o)
 .ARM.attributes
                0x000007e1       0x2d c:/nxp/lpcxpresso_6.1.4_194/lpcxpresso/tools/bin/../lib/gcc/arm-none-eabi/4.6.2/../../../../arm-none-eabi/lib/armv7-m\libc.a(lib_a-memmove.o)
 .ARM.attributes
                0x0000080e       0x2d c:/nxp/lpcxpresso_6.1.4_194/lpcxpresso/tools/bin/../lib/gcc/arm-none-eabi/4.6.2/../../../../arm-none-eabi/lib/armv7-m\libc.a(lib_a-reallocr.o)
 .ARM.attributes
                0x0000083b       0x2d c:/nxp/lpcxpresso_6.1.4_194/lpcxpresso/tools/bin/../lib/gcc/arm-none-eabi/4.6.2/../../../../arm-none-eabi/lib/armv7-m\libc.a(lib_a-reent.o)
 .ARM.attributes
                0x00000868       0x31 c:/nxp/lpcxpresso_6.1.4_194/lpcxpresso/tools/bin/../lib/gcc/arm-none-eabi/4.6.2/../../../../arm-none-eabi/lib/armv7-m\libcr_newlib_semihost.a(_cr_sbrk.o)
 .ARM.attributes
                0x00000899       0x31 c:/nxp/lpcxpresso_6.1.4_194/lpcxpresso/tools/bin/../lib/gcc/arm-none-eabi/4.6.2/../../../../arm-none-eabi/lib/armv7-m\libcr_newlib_semihost.a(_cr_check_heap.o)
 .ARM.attributes
                0x000008ca       0x1d c:/nxp/lpcxpresso_6.1.4_194/lpcxpresso/tools/bin/../lib/gcc/arm-none-eabi/4.6.2/armv7-m\libgcc.a(_arm_addsubdf3.o)
 .ARM.attributes
                0x000008e7       0x1d c:/nxp/lpcxpresso_6.1.4_194/lpcxpresso/tools/bin/../lib/gcc/arm-none-eabi/4.6.2/armv7-m\libgcc.a(_arm_muldivdf3.o)
 .ARM.attributes
                0x00000904       0x1d c:/nxp/lpcxpresso_6.1.4_194/lpcxpresso/tools/bin/../lib/gcc/arm-none-eabi/4.6.2/armv7-m\libgcc.a(_arm_cmpdf2.o)
 .ARM.attributes
                0x00000921       0x1d c:/nxp/lpcxpresso_6.1.4_194/lpcxpresso/tools/bin/../lib/gcc/arm-none-eabi/4.6.2/armv7-m\libgcc.a(_arm_fixdfsi.o)
 .ARM.attributes
                0x0000093e       0x2d c:/nxp/lpcxpresso_6.1.4_194/lpcxpresso/tools/bin/../lib/gcc/arm-none-eabi/4.6.2/../../../../arm-none-eabi/lib/armv7-m\libc.a(lib_a-errno.o)

.debug_frame    0x00000000     0x240c
 .debug_frame   0x00000000      0x120 ./src/cr_startup_lpc17.o
 .debug_frame   0x00000120      0x228 ./src/main.o
 .debug_frame   0x00000348       0x48 D:\NUS\Year 2 AY2016-2017\EE2024\Lib_CMSISv1p30_LPC17xx\Debug\libCMSISv1p30_LPC17xx.a(system_LPC17xx.o)
 .debug_frame   0x00000390      0x12c D:\NUS\Year 2 AY2016-2017\EE2024\Lib_EaBaseBoard\Debug\libLib_EaBaseBoard.a(acc.o)
 .debug_frame   0x000004bc       0x4c D:\NUS\Year 2 AY2016-2017\EE2024\Lib_EaBaseBoard\Debug\libLib_EaBaseBoard.a(joystick.o)
 .debug_frame   0x00000508       0x4c D:\NUS\Year 2 AY2016-2017\EE2024\Lib_EaBaseBoard\Debug\libLib_EaBaseBoard.a(led7seg.o)
 .debug_frame   0x00000554      0x208 D:\NUS\Year 2 AY2016-2017\EE2024\Lib_EaBaseBoard\Debug\libLib_EaBaseBoard.a(light.o)
 .debug_frame   0x0000075c      0x1ec D:\NUS\Year 2 AY2016-2017\EE2024\Lib_EaBaseBoard\Debug\libLib_EaBaseBoard.a(oled.o)
 .debug_frame   0x00000948      0x1a8 D:\NUS\Year 2 AY2016-2017\EE2024\Lib_EaBaseBoard\Debug\libLib_EaBaseBoard.a(pca9532.o)
 .debug_frame   0x00000af0       0x4c D:\NUS\Year 2 AY2016-2017\EE2024\Lib_EaBaseBoard\Debug\libLib_EaBaseBoard.a(rgb.o)
 .debug_frame   0x00000b3c       0x50 D:\NUS\Year 2 AY2016-2017\EE2024\Lib_EaBaseBoard\Debug\libLib_EaBaseBoard.a(temp.o)
 .debug_frame   0x00000b8c      0x2c4 D:\NUS\Year 2 AY2016-2017\EE2024\Lib_MCU\Debug\libLib_MCU.a(lpc17xx_gpio.o)
 .debug_frame   0x00000e50      0x2c8 D:\NUS\Year 2 AY2016-2017\EE2024\Lib_MCU\Debug\libLib_MCU.a(lpc17xx_i2c.o)
 .debug_frame   0x00001118       0xbc D:\NUS\Year 2 AY2016-2017\EE2024\Lib_MCU\Debug\libLib_MCU.a(lpc17xx_pinsel.o)
 .debug_frame   0x000011d4      0x280 D:\NUS\Year 2 AY2016-2017\EE2024\Lib_MCU\Debug\libLib_MCU.a(lpc17xx_ssp.o)
 .debug_frame   0x00001454      0x228 D:\NUS\Year 2 AY2016-2017\EE2024\Lib_MCU\Debug\libLib_MCU.a(lpc17xx_timer.o)
 .debug_frame   0x0000167c      0x44c D:\NUS\Year 2 AY2016-2017\EE2024\Lib_MCU\Debug\libLib_MCU.a(lpc17xx_uart.o)
 .debug_frame   0x00001ac8      0x10c D:\NUS\Year 2 AY2016-2017\EE2024\Lib_MCU\Debug\libLib_MCU.a(lpc17xx_clkpwr.o)
 .debug_frame   0x00001bd4       0x50 c:/nxp/lpcxpresso_6.1.4_194/lpcxpresso/tools/bin/../lib/gcc/arm-none-eabi/4.6.2/armv7-m\libgcc.a(bpabi.o)
 .debug_frame   0x00001c24       0x34 c:/nxp/lpcxpresso_6.1.4_194/lpcxpresso/tools/bin/../lib/gcc/arm-none-eabi/4.6.2/armv7-m\libgcc.a(_divdi3.o)
 .debug_frame   0x00001c58       0x34 c:/nxp/lpcxpresso_6.1.4_194/lpcxpresso/tools/bin/../lib/gcc/arm-none-eabi/4.6.2/armv7-m\libgcc.a(_udivdi3.o)
 .debug_frame   0x00001c8c       0x20 c:/nxp/lpcxpresso_6.1.4_194/lpcxpresso/tools/bin/../lib/gcc/arm-none-eabi/4.6.2/../../../../arm-none-eabi/lib/armv7-m\libc.a(lib_a-abs.o)
 .debug_frame   0x00001cac       0x2c c:/nxp/lpcxpresso_6.1.4_194/lpcxpresso/tools/bin/../lib/gcc/arm-none-eabi/4.6.2/../../../../arm-none-eabi/lib/armv7-m\libc.a(lib_a-memset.o)
 .debug_frame   0x00001cd8       0x64 c:/nxp/lpcxpresso_6.1.4_194/lpcxpresso/tools/bin/../lib/gcc/arm-none-eabi/4.6.2/../../../../arm-none-eabi/lib/armv7-m\libc.a(lib_a-sprintf.o)
 .debug_frame   0x00001d3c       0x20 c:/nxp/lpcxpresso_6.1.4_194/lpcxpresso/tools/bin/../lib/gcc/arm-none-eabi/4.6.2/../../../../arm-none-eabi/lib/armv7-m\libc.a(lib_a-strlen.o)
 .debug_frame   0x00001d5c       0x3c c:/nxp/lpcxpresso_6.1.4_194/lpcxpresso/tools/bin/../lib/gcc/arm-none-eabi/4.6.2/../../../../arm-none-eabi/lib/armv7-m\libc.a(lib_a-svfprintf.o)
 .debug_frame   0x00001d98       0x64 c:/nxp/lpcxpresso_6.1.4_194/lpcxpresso/tools/bin/../lib/gcc/arm-none-eabi/4.6.2/../../../../arm-none-eabi/lib/armv7-m\libc.a(lib_a-dtoa.o)
 .debug_frame   0x00001dfc       0x98 c:/nxp/lpcxpresso_6.1.4_194/lpcxpresso/tools/bin/../lib/gcc/arm-none-eabi/4.6.2/../../../../arm-none-eabi/lib/armv7-m\libc.a(lib_a-locale.o)
 .debug_frame   0x00001e94       0x38 c:/nxp/lpcxpresso_6.1.4_194/lpcxpresso/tools/bin/../lib/gcc/arm-none-eabi/4.6.2/../../../../arm-none-eabi/lib/armv7-m\libc.a(lib_a-mallocr.o)
 .debug_frame   0x00001ecc       0x2c c:/nxp/lpcxpresso_6.1.4_194/lpcxpresso/tools/bin/../lib/gcc/arm-none-eabi/4.6.2/../../../../arm-none-eabi/lib/armv7-m\libc.a(lib_a-memchr.o)
 .debug_frame   0x00001ef8       0x2c c:/nxp/lpcxpresso_6.1.4_194/lpcxpresso/tools/bin/../lib/gcc/arm-none-eabi/4.6.2/../../../../arm-none-eabi/lib/armv7-m\libc.a(lib_a-memcpy.o)
 .debug_frame   0x00001f24       0x30 c:/nxp/lpcxpresso_6.1.4_194/lpcxpresso/tools/bin/../lib/gcc/arm-none-eabi/4.6.2/../../../../arm-none-eabi/lib/armv7-m\libc.a(lib_a-mlock.o)
 .debug_frame   0x00001f54      0x228 c:/nxp/lpcxpresso_6.1.4_194/lpcxpresso/tools/bin/../lib/gcc/arm-none-eabi/4.6.2/../../../../arm-none-eabi/lib/armv7-m\libc.a(lib_a-mprec.o)
 .debug_frame   0x0000217c       0x20 c:/nxp/lpcxpresso_6.1.4_194/lpcxpresso/tools/bin/../lib/gcc/arm-none-eabi/4.6.2/../../../../arm-none-eabi/lib/armv7-m\libc.a(lib_a-s_fpclassify.o)
 .debug_frame   0x0000219c       0x2c c:/nxp/lpcxpresso_6.1.4_194/lpcxpresso/tools/bin/../lib/gcc/arm-none-eabi/4.6.2/../../../../arm-none-eabi/lib/armv7-m\libc.a(lib_a-sbrkr.o)
 .debug_frame   0x000021c8       0x30 c:/nxp/lpcxpresso_6.1.4_194/lpcxpresso/tools/bin/../lib/gcc/arm-none-eabi/4.6.2/../../../../arm-none-eabi/lib/armv7-m\libc.a(lib_a-strcmp.o)
 .debug_frame   0x000021f8       0x64 c:/nxp/lpcxpresso_6.1.4_194/lpcxpresso/tools/bin/../lib/gcc/arm-none-eabi/4.6.2/../../../../arm-none-eabi/lib/armv7-m\libc.a(lib_a-svfiprintf.o)
 .debug_frame   0x0000225c       0x28 c:/nxp/lpcxpresso_6.1.4_194/lpcxpresso/tools/bin/../lib/gcc/arm-none-eabi/4.6.2/../../../../arm-none-eabi/lib/armv7-m\libc.a(lib_a-callocr.o)
 .debug_frame   0x00002284       0x50 c:/nxp/lpcxpresso_6.1.4_194/lpcxpresso/tools/bin/../lib/gcc/arm-none-eabi/4.6.2/../../../../arm-none-eabi/lib/armv7-m\libc.a(lib_a-freer.o)
 .debug_frame   0x000022d4       0x2c c:/nxp/lpcxpresso_6.1.4_194/lpcxpresso/tools/bin/../lib/gcc/arm-none-eabi/4.6.2/../../../../arm-none-eabi/lib/armv7-m\libc.a(lib_a-memmove.o)
 .debug_frame   0x00002300       0x38 c:/nxp/lpcxpresso_6.1.4_194/lpcxpresso/tools/bin/../lib/gcc/arm-none-eabi/4.6.2/../../../../arm-none-eabi/lib/armv7-m\libc.a(lib_a-reallocr.o)
 .debug_frame   0x00002338       0x68 c:/nxp/lpcxpresso_6.1.4_194/lpcxpresso/tools/bin/../lib/gcc/arm-none-eabi/4.6.2/../../../../arm-none-eabi/lib/armv7-m\libc.a(lib_a-reent.o)
 .debug_frame   0x000023a0       0x2c c:/nxp/lpcxpresso_6.1.4_194/lpcxpresso/tools/bin/../lib/gcc/arm-none-eabi/4.6.2/../../../../arm-none-eabi/lib/armv7-m\libcr_newlib_semihost.a(_cr_sbrk.o)
 .debug_frame   0x000023cc       0x20 c:/nxp/lpcxpresso_6.1.4_194/lpcxpresso/tools/bin/../lib/gcc/arm-none-eabi/4.6.2/../../../../arm-none-eabi/lib/armv7-m\libcr_newlib_semihost.a(_cr_check_heap.o)
 .debug_frame   0x000023ec       0x20 c:/nxp/lpcxpresso_6.1.4_194/lpcxpresso/tools/bin/../lib/gcc/arm-none-eabi/4.6.2/../../../../arm-none-eabi/lib/armv7-m\libc.a(lib_a-errno.o)

.debug_pubnames
                0x00000000       0x68
 .debug_pubnames
                0x00000000       0x2e c:/nxp/lpcxpresso_6.1.4_194/lpcxpresso/tools/bin/../lib/gcc/arm-none-eabi/4.6.2/../../../../arm-none-eabi/lib/armv7-m\libcr_newlib_semihost.a(_cr_sbrk.o)
 .debug_pubnames
                0x0000002e       0x3a c:/nxp/lpcxpresso_6.1.4_194/lpcxpresso/tools/bin/../lib/gcc/arm-none-eabi/4.6.2/../../../../arm-none-eabi/lib/armv7-m\libcr_newlib_semihost.a(_cr_check_heap.o)

.debug_pubtypes
                0x00000000       0x1d
 .debug_pubtypes
                0x00000000       0x1d c:/nxp/lpcxpresso_6.1.4_194/lpcxpresso/tools/bin/../lib/gcc/arm-none-eabi/4.6.2/../../../../arm-none-eabi/lib/armv7-m\libcr_newlib_semihost.a(_cr_sbrk.o)
